Component: ARM Compiler 5.06 (build 20) Tool: armlink [4d35a3]

==============================================================================

Section Cross References

    main.o(i.main) refers to rcc_conf.o(i.RCC_Init) for RCC_Init
    main.o(i.main) refers to robocon_board.o(i.Robocon_PhoTriRacing_Board_Init) for Robocon_PhoTriRacing_Board_Init
    main.o(i.main) refers to robocon_board.o(i.Robocon_NVIC_Init) for Robocon_NVIC_Init
    main.o(i.main) refers to dac.o(i.DAC1_Init) for DAC1_Init
    main.o(i.main) refers to motion_control.o(i.setOrigin) for setOrigin
    stm32f10x_it.o(i.EXTI0_IRQHandler) refers to stm32f10x_exti.o(i.EXTI_GetITStatus) for EXTI_GetITStatus
    stm32f10x_it.o(i.EXTI0_IRQHandler) refers to stm32f10x_exti.o(i.EXTI_ClearITPendingBit) for EXTI_ClearITPendingBit
    stm32f10x_it.o(i.EXTI0_IRQHandler) refers to stm32f10x_it.o(.data) for count1
    stm32f10x_it.o(i.EXTI1_IRQHandler) refers to stm32f10x_exti.o(i.EXTI_GetITStatus) for EXTI_GetITStatus
    stm32f10x_it.o(i.EXTI1_IRQHandler) refers to stm32f10x_exti.o(i.EXTI_ClearITPendingBit) for EXTI_ClearITPendingBit
    stm32f10x_it.o(i.EXTI1_IRQHandler) refers to stm32f10x_it.o(.data) for count1
    stm32f10x_it.o(i.EXTI2_IRQHandler) refers to stm32f10x_exti.o(i.EXTI_GetITStatus) for EXTI_GetITStatus
    stm32f10x_it.o(i.EXTI2_IRQHandler) refers to stm32f10x_exti.o(i.EXTI_ClearITPendingBit) for EXTI_ClearITPendingBit
    stm32f10x_it.o(i.EXTI3_IRQHandler) refers to stm32f10x_exti.o(i.EXTI_GetITStatus) for EXTI_GetITStatus
    stm32f10x_it.o(i.EXTI3_IRQHandler) refers to stm32f10x_exti.o(i.EXTI_ClearITPendingBit) for EXTI_ClearITPendingBit
    stm32f10x_it.o(i.TIM5_IRQHandler) refers to stm32f10x_tim.o(i.TIM_GetITStatus) for TIM_GetITStatus
    stm32f10x_it.o(i.TIM5_IRQHandler) refers to motor.o(i.Motor_Cal) for Motor_Cal
    stm32f10x_it.o(i.TIM5_IRQHandler) refers to motor.o(i.Motor_Run) for Motor_Run
    stm32f10x_it.o(i.TIM5_IRQHandler) refers to stm32f10x_tim.o(i.TIM_ClearITPendingBit) for TIM_ClearITPendingBit
    stm32f10x_it.o(i.TIM5_IRQHandler) refers to stm32f10x_it.o(.data) for it_count
    stm32f10x_it.o(i.TIM5_IRQHandler) refers to motor.o(.data) for motion_mode
    stm32f10x_it.o(i.TIM5_IRQHandler) refers to robocon_tim.o(.data) for Encode
    stm32f10x_it.o(i.UART4_IRQHandler) refers to stm32f10x_usart.o(i.USART_GetFlagStatus) for USART_GetFlagStatus
    stm32f10x_it.o(i.UART4_IRQHandler) refers to stm32f10x_usart.o(i.USART_ClearFlag) for USART_ClearFlag
    stm32f10x_it.o(i.UART4_IRQHandler) refers to stm32f10x_usart.o(i.USART_ReceiveData) for USART_ReceiveData
    stm32f10x_it.o(i.UART4_IRQHandler) refers to stm32f10x_usart.o(i.USART_GetITStatus) for USART_GetITStatus
    stm32f10x_it.o(i.UART4_IRQHandler) refers to stm32f10x_usart.o(i.USART_ClearITPendingBit) for USART_ClearITPendingBit
    stm32f10x_it.o(i.UART4_IRQHandler) refers to stm32f10x_it.o(.data) for receive_flag
    stm32f10x_it.o(i.UART4_IRQHandler) refers to stm32f10x_it.o(.bss) for posture
    stm32f10x_it.o(i.USART1_IRQHandler) refers to stm32f10x_usart.o(i.USART_GetITStatus) for USART_GetITStatus
    stm32f10x_it.o(i.USART1_IRQHandler) refers to stm32f10x_usart.o(i.USART_ClearITPendingBit) for USART_ClearITPendingBit
    stm32f10x_it.o(i.USART1_IRQHandler) refers to stm32f10x_usart.o(i.USART_ReceiveData) for USART_ReceiveData
    stm32f10x_it.o(i.USART1_IRQHandler) refers to stm32f10x_it.o(.data) for ch
    stm32f10x_it.o(i.USART1_IRQHandler) refers to main.o(.data) for speed_set
    system_stm32f10x.o(i.SetSysClock) refers to system_stm32f10x.o(i.SetSysClockTo72) for SetSysClockTo72
    system_stm32f10x.o(i.SystemCoreClockUpdate) refers to system_stm32f10x.o(.data) for SystemCoreClock
    system_stm32f10x.o(i.SystemInit) refers to system_stm32f10x.o(i.SetSysClock) for SetSysClock
    motion_control.o(i.basicLine) refers to fadd.o(.text) for __aeabi_fsub
    motion_control.o(i.basicLine) refers to fdiv.o(.text) for __aeabi_fdiv
    motion_control.o(i.basicLine) refers to fmul.o(.text) for __aeabi_fmul
    motion_control.o(i.basicLine) refers to f2d.o(.text) for __aeabi_f2d
    motion_control.o(i.basicLine) refers to cos.o(i.cos) for cos
    motion_control.o(i.basicLine) refers to d2f.o(.text) for __aeabi_d2f
    motion_control.o(i.closeLoopLine) refers to motion_control.o(i.distanceCal) for distanceCal
    motion_control.o(i.closeLoopLine) refers to fadd.o(.text) for __aeabi_fadd
    motion_control.o(i.closeLoopLine) refers to fmul.o(.text) for __aeabi_fmul
    motion_control.o(i.closeLoopLine) refers to cfrcmple.o(.text) for __aeabi_cfrcmple
    motion_control.o(i.closeLoopLine) refers to cfcmple.o(.text) for __aeabi_cfcmple
    motion_control.o(i.closeLoopLine) refers to fdiv.o(.text) for __aeabi_fdiv
    motion_control.o(i.closeLoopLine) refers to f2d.o(.text) for __aeabi_f2d
    motion_control.o(i.closeLoopLine) refers to cos.o(i.cos) for cos
    motion_control.o(i.closeLoopLine) refers to d2f.o(.text) for __aeabi_d2f
[...]
    Removing stm32f10x_gpio.o(i.GPIO_DeInit), (200 bytes).
    Removing stm32f10x_gpio.o(i.GPIO_ETH_MediaInterfaceConfig), (12 bytes).
    Removing stm32f10x_gpio.o(i.GPIO_EXTILineConfig), (64 bytes).
    Removing stm32f10x_gpio.o(i.GPIO_EventOutputCmd), (12 bytes).
    Removing stm32f10x_gpio.o(i.GPIO_EventOutputConfig), (32 bytes).
    Removing stm32f10x_gpio.o(i.GPIO_PinLockConfig), (18 bytes).
    Removing stm32f10x_gpio.o(i.GPIO_ReadInputData), (8 bytes).
    Removing stm32f10x_gpio.o(i.GPIO_ReadInputDataBit), (18 bytes).
    Removing stm32f10x_gpio.o(i.GPIO_ReadOutputData), (8 bytes).
    Removing stm32f10x_gpio.o(i.GPIO_ReadOutputDataBit), (18 bytes).
    Removing stm32f10x_gpio.o(i.GPIO_ResetBits), (4 bytes).
    Removing stm32f10x_gpio.o(i.GPIO_StructInit), (16 bytes).
    Removing stm32f10x_gpio.o(i.GPIO_Write), (4 bytes).
    Removing stm32f10x_gpio.o(i.GPIO_WriteBit), (10 bytes).
    Removing stm32f10x_i2c.o(i.I2C_ARPCmd), (24 bytes).
    Removing stm32f10x_i2c.o(i.I2C_AcknowledgeConfig), (24 bytes).
    Removing stm32f10x_i2c.o(i.I2C_CalculatePEC), (24 bytes).
    Removing stm32f10x_i2c.o(i.I2C_CheckEvent), (42 bytes).
    Removing stm32f10x_i2c.o(i.I2C_ClearFlag), (12 bytes).
    Removing stm32f10x_i2c.o(i.I2C_ClearITPendingBit), (12 bytes).
    Removing stm32f10x_i2c.o(i.I2C_Cmd), (24 bytes).
    Removing stm32f10x_i2c.o(i.I2C_DMACmd), (24 bytes).
    Removing stm32f10x_i2c.o(i.I2C_DMALastTransferCmd), (24 bytes).
    Removing stm32f10x_i2c.o(i.I2C_DeInit), (56 bytes).
    Removing stm32f10x_i2c.o(i.I2C_DualAddressCmd), (24 bytes).
    Removing stm32f10x_i2c.o(i.I2C_FastModeDutyCycleConfig), (28 bytes).
    Removing stm32f10x_i2c.o(i.I2C_GeneralCallCmd), (24 bytes).
    Removing stm32f10x_i2c.o(i.I2C_GenerateSTART), (24 bytes).
    Removing stm32f10x_i2c.o(i.I2C_GenerateSTOP), (24 bytes).
    Removing stm32f10x_i2c.o(i.I2C_GetFlagStatus), (58 bytes).
    Removing stm32f10x_i2c.o(i.I2C_GetITStatus), (38 bytes).
    Removing stm32f10x_i2c.o(i.I2C_GetLastEvent), (26 bytes).
    Removing stm32f10x_i2c.o(i.I2C_GetPEC), (8 bytes).
    Removing stm32f10x_i2c.o(i.I2C_ITConfig), (18 bytes).
    Removing stm32f10x_i2c.o(i.I2C_Init), (236 bytes).
    Removing stm32f10x_i2c.o(i.I2C_NACKPositionConfig), (28 bytes).
    Removing stm32f10x_i2c.o(i.I2C_OwnAddress2Config), (22 bytes).
    Removing stm32f10x_i2c.o(i.I2C_PECPositionConfig), (28 bytes).
    Removing stm32f10x_i2c.o(i.I2C_ReadRegister), (22 bytes).
    Removing stm32f10x_i2c.o(i.I2C_ReceiveData), (8 bytes).
    Removing stm32f10x_i2c.o(i.I2C_SMBusAlertConfig), (28 bytes).
    Removing stm32f10x_i2c.o(i.I2C_Send7bitAddress), (18 bytes).
    Removing stm32f10x_i2c.o(i.I2C_SendData), (4 bytes).
    Removing stm32f10x_i2c.o(i.I2C_SoftwareResetCmd), (22 bytes).
    Removing stm32f10x_i2c.o(i.I2C_StretchClockCmd), (24 bytes).
    Removing stm32f10x_i2c.o(i.I2C_StructInit), (30 bytes).
    Removing stm32f10x_i2c.o(i.I2C_TransmitPEC), (24 bytes).
    Removing stm32f10x_iwdg.o(i.IWDG_Enable), (16 bytes).
    Removing stm32f10x_iwdg.o(i.IWDG_GetFlagStatus), (24 bytes).
    Removing stm32f10x_iwdg.o(i.IWDG_ReloadCounter), (16 bytes).
    Removing stm32f10x_iwdg.o(i.IWDG_SetPrescaler), (12 bytes).
    Removing stm32f10x_iwdg.o(i.IWDG_SetReload), (12 bytes).
    Removing stm32f10x_iwdg.o(i.IWDG_WriteAccessCmd), (12 bytes).
    Removing stm32f10x_pwr.o(i.PWR_BackupAccessCmd), (12 bytes).
    Removing stm32f10x_pwr.o(i.PWR_ClearFlag), (20 bytes).
    Removing stm32f10x_pwr.o(i.PWR_DeInit), (22 bytes).
    Removing stm32f10x_pwr.o(i.PWR_EnterSTANDBYMode), (52 bytes).
    Removing stm32f10x_pwr.o(i.PWR_EnterSTOPMode), (64 bytes).
    Removing stm32f10x_pwr.o(i.PWR_GetFlagStatus), (24 bytes).
    Removing stm32f10x_pwr.o(i.PWR_PVDCmd), (12 bytes).
    Removing stm32f10x_pwr.o(i.PWR_PVDLevelConfig), (24 bytes).
    Removing stm32f10x_pwr.o(i.PWR_WakeUpPinCmd), (12 bytes).
    Removing stm32f10x_rcc.o(i.RCC_ADCCLKConfig), (24 bytes).
    Removing stm32f10x_rcc.o(i.RCC_AHBPeriphClockCmd), (32 bytes).
    Removing stm32f10x_rcc.o(i.RCC_APB1PeriphResetCmd), (32 bytes).
    Removing stm32f10x_rcc.o(i.RCC_APB2PeriphResetCmd), (32 bytes).
    Removing stm32f10x_rcc.o(i.RCC_AdjustHSICalibrationValue), (24 bytes).
    Removing stm32f10x_rcc.o(i.RCC_BackupResetCmd), (12 bytes).
    Removing stm32f10x_rcc.o(i.RCC_ClearFlag), (20 bytes).
    Removing stm32f10x_rcc.o(i.RCC_ClearITPendingBit), (12 bytes).
    Removing stm32f10x_rcc.o(i.RCC_ClockSecuritySystemCmd), (12 bytes).
    Removing stm32f10x_rcc.o(i.RCC_GetITStatus), (24 bytes).
    Removing stm32f10x_rcc.o(i.RCC_HSEConfig), (76 bytes).
    Removing stm32f10x_rcc.o(i.RCC_ITConfig), (32 bytes).
    Removing stm32f10x_rcc.o(i.RCC_LSEConfig), (52 bytes).
    Removing stm32f10x_rcc.o(i.RCC_LSICmd), (12 bytes).
    Removing stm32f10x_rcc.o(i.RCC_MCOConfig), (12 bytes).
    Removing stm32f10x_rcc.o(i.RCC_RTCCLKCmd), (12 bytes).
    Removing stm32f10x_rcc.o(i.RCC_RTCCLKConfig), (16 bytes).
    Removing stm32f10x_rcc.o(i.RCC_USBCLKConfig), (12 bytes).
    Removing stm32f10x_rcc.o(i.RCC_WaitForHSEStartUp), (56 bytes).
    Removing stm32f10x_rtc.o(i.RTC_ClearFlag), (16 bytes).
    Removing stm32f10x_rtc.o(i.RTC_ClearITPendingBit), (16 bytes).
    Removing stm32f10x_rtc.o(i.RTC_EnterConfigMode), (20 bytes).
    Removing stm32f10x_rtc.o(i.RTC_ExitConfigMode), (20 bytes).
    Removing stm32f10x_rtc.o(i.RTC_GetCounter), (20 bytes).
    Removing stm32f10x_rtc.o(i.RTC_GetDivider), (24 bytes).
    Removing stm32f10x_rtc.o(i.RTC_GetFlagStatus), (24 bytes).
    Removing stm32f10x_rtc.o(i.RTC_GetITStatus), (36 bytes).
    Removing stm32f10x_rtc.o(i.RTC_ITConfig), (32 bytes).
    Removing stm32f10x_rtc.o(i.RTC_SetAlarm), (28 bytes).
    Removing stm32f10x_rtc.o(i.RTC_SetCounter), (28 bytes).
    Removing stm32f10x_rtc.o(i.RTC_SetPrescaler), (32 bytes).
    Removing stm32f10x_rtc.o(i.RTC_WaitForLastTask), (20 bytes).
    Removing stm32f10x_rtc.o(i.RTC_WaitForSynchro), (36 bytes).
    Removing stm32f10x_sdio.o(i.SDIO_CEATAITCmd), (16 bytes).
    Removing stm32f10x_sdio.o(i.SDIO_ClearFlag), (12 bytes).
    Removing stm32f10x_sdio.o(i.SDIO_ClearITPendingBit), (12 bytes).
    Removing stm32f10x_sdio.o(i.SDIO_ClockCmd), (12 bytes).
    Removing stm32f10x_sdio.o(i.SDIO_CmdStructInit), (14 bytes).
    Removing stm32f10x_sdio.o(i.SDIO_CommandCompletionCmd), (12 bytes).
    Removing stm32f10x_sdio.o(i.SDIO_DMACmd), (12 bytes).
    Removing stm32f10x_sdio.o(i.SDIO_DataConfig), (48 bytes).
    Removing stm32f10x_sdio.o(i.SDIO_DataStructInit), (20 bytes).
    Removing stm32f10x_sdio.o(i.SDIO_DeInit), (36 bytes).
    Removing stm32f10x_sdio.o(i.SDIO_GetCommandResponse), (12 bytes).
    Removing stm32f10x_sdio.o(i.SDIO_GetDataCounter), (12 bytes).
    Removing stm32f10x_sdio.o(i.SDIO_GetFIFOCount), (12 bytes).
    Removing stm32f10x_sdio.o(i.SDIO_GetFlagStatus), (24 bytes).
    Removing stm32f10x_sdio.o(i.SDIO_GetITStatus), (24 bytes).
    Removing stm32f10x_sdio.o(i.SDIO_GetPowerState), (16 bytes).
    Removing stm32f10x_sdio.o(i.SDIO_GetResponse), (24 bytes).
    Removing stm32f10x_sdio.o(i.SDIO_ITConfig), (32 bytes).
    Removing stm32f10x_sdio.o(i.SDIO_Init), (48 bytes).
    Removing stm32f10x_sdio.o(i.SDIO_ReadData), (12 bytes).
    Removing stm32f10x_sdio.o(i.SDIO_SendCEATACmd), (12 bytes).
    Removing stm32f10x_sdio.o(i.SDIO_SendCommand), (44 bytes).
    Removing stm32f10x_sdio.o(i.SDIO_SendSDIOSuspendCmd), (12 bytes).
    Removing stm32f10x_sdio.o(i.SDIO_SetPowerState), (28 bytes).
    Removing stm32f10x_sdio.o(i.SDIO_SetSDIOOperation), (12 bytes).
    Removing stm32f10x_sdio.o(i.SDIO_SetSDIOReadWaitMode), (12 bytes).
    Removing stm32f10x_sdio.o(i.SDIO_StartSDIOReadWait), (12 bytes).
    Removing stm32f10x_sdio.o(i.SDIO_StopSDIOReadWait), (12 bytes).
    Removing stm32f10x_sdio.o(i.SDIO_StructInit), (16 bytes).
    Removing stm32f10x_sdio.o(i.SDIO_WriteData), (12 bytes).
    Removing stm32f10x_spi.o(i.I2S_Cmd), (24 bytes).
    Removing stm32f10x_spi.o(i.I2S_Init), (232 bytes).
    Removing stm32f10x_spi.o(i.I2S_StructInit), (20 bytes).
    Removing stm32f10x_spi.o(i.SPI_BiDirectionalLineConfig), (28 bytes).
    Removing stm32f10x_spi.o(i.SPI_CalculateCRC), (24 bytes).
    Removing stm32f10x_spi.o(i.SPI_Cmd), (24 bytes).
    Removing stm32f10x_spi.o(i.SPI_DataSizeConfig), (18 bytes).
    Removing stm32f10x_spi.o(i.SPI_GetCRC), (16 bytes).
    Removing stm32f10x_spi.o(i.SPI_GetCRCPolynomial), (6 bytes).
    Removing stm32f10x_spi.o(i.SPI_I2S_ClearFlag), (6 bytes).
    Removing stm32f10x_spi.o(i.SPI_I2S_ClearITPendingBit), (20 bytes).
    Removing stm32f10x_spi.o(i.SPI_I2S_DMACmd), (18 bytes).
    Removing stm32f10x_spi.o(i.SPI_I2S_DeInit), (88 bytes).
    Removing stm32f10x_spi.o(i.SPI_I2S_GetFlagStatus), (18 bytes).
    Removing stm32f10x_spi.o(i.SPI_I2S_GetITStatus), (52 bytes).
    Removing stm32f10x_spi.o(i.SPI_I2S_ITConfig), (32 bytes).
    Removing stm32f10x_spi.o(i.SPI_I2S_ReceiveData), (6 bytes).
    Removing stm32f10x_spi.o(i.SPI_I2S_SendData), (4 bytes).
    Removing stm32f10x_spi.o(i.SPI_Init), (60 bytes).
    Removing stm32f10x_spi.o(i.SPI_NSSInternalSoftwareConfig), (30 bytes).
    Removing stm32f10x_spi.o(i.SPI_SSOutputCmd), (24 bytes).
    Removing stm32f10x_spi.o(i.SPI_StructInit), (24 bytes).
    Removing stm32f10x_spi.o(i.SPI_TransmitCRC), (10 bytes).
    Removing stm32f10x_tim.o(i.TI1_Config), (128 bytes).
    Removing stm32f10x_tim.o(i.TI2_Config), (152 bytes).
    Removing stm32f10x_tim.o(i.TI3_Config), (144 bytes).
    Removing stm32f10x_tim.o(i.TI4_Config), (152 bytes).
    Removing stm32f10x_tim.o(i.TIM_BDTRConfig), (32 bytes).
    Removing stm32f10x_tim.o(i.TIM_BDTRStructInit), (18 bytes).
    Removing stm32f10x_tim.o(i.TIM_CCPreloadControl), (24 bytes).
    Removing stm32f10x_tim.o(i.TIM_CCxCmd), (30 bytes).
    Removing stm32f10x_tim.o(i.TIM_CCxNCmd), (30 bytes).
    Removing stm32f10x_tim.o(i.TIM_ClearOC1Ref), (18 bytes).
    Removing stm32f10x_tim.o(i.TIM_ClearOC2Ref), (24 bytes).
    Removing stm32f10x_tim.o(i.TIM_ClearOC3Ref), (18 bytes).
    Removing stm32f10x_tim.o(i.TIM_ClearOC4Ref), (24 bytes).
    Removing stm32f10x_tim.o(i.TIM_CounterModeConfig), (18 bytes).
    Removing stm32f10x_tim.o(i.TIM_CtrlPWMOutputs), (30 bytes).
    Removing stm32f10x_tim.o(i.TIM_DMACmd), (18 bytes).
    Removing stm32f10x_tim.o(i.TIM_DMAConfig), (10 bytes).
    Removing stm32f10x_tim.o(i.TIM_DeInit), (488 bytes).
    Removing stm32f10x_tim.o(i.TIM_ETRClockMode1Config), (54 bytes).
    Removing stm32f10x_tim.o(i.TIM_ETRClockMode2Config), (32 bytes).
    Removing stm32f10x_tim.o(i.TIM_ETRConfig), (28 bytes).
    Removing stm32f10x_tim.o(i.TIM_EncoderInterfaceConfig), (66 bytes).
    Removing stm32f10x_tim.o(i.TIM_ForcedOC1Config), (18 bytes).
    Removing stm32f10x_tim.o(i.TIM_ForcedOC2Config), (26 bytes).
    Removing stm32f10x_tim.o(i.TIM_ForcedOC3Config), (18 bytes).
    Removing stm32f10x_tim.o(i.TIM_ForcedOC4Config), (26 bytes).
    Removing stm32f10x_tim.o(i.TIM_GenerateEvent), (4 bytes).
    Removing stm32f10x_tim.o(i.TIM_GetCapture1), (6 bytes).
    Removing stm32f10x_tim.o(i.TIM_GetCapture2), (6 bytes).
    Removing stm32f10x_tim.o(i.TIM_GetCapture3), (6 bytes).
    Removing stm32f10x_tim.o(i.TIM_GetCapture4), (8 bytes).
    Removing stm32f10x_tim.o(i.TIM_GetCounter), (6 bytes).
    Removing stm32f10x_tim.o(i.TIM_GetFlagStatus), (18 bytes).
    Removing stm32f10x_tim.o(i.TIM_GetPrescaler), (6 bytes).
    Removing stm32f10x_tim.o(i.TIM_ICInit), (172 bytes).
    Removing stm32f10x_tim.o(i.TIM_ICStructInit), (18 bytes).
    Removing stm32f10x_tim.o(i.TIM_ITRxExternalClockConfig), (24 bytes).
    Removing stm32f10x_tim.o(i.TIM_InternalClockConfig), (12 bytes).
    Removing stm32f10x_tim.o(i.TIM_OC1FastConfig), (18 bytes).
    Removing stm32f10x_tim.o(i.TIM_OC1NPolarityConfig), (18 bytes).
    Removing stm32f10x_tim.o(i.TIM_OC1PolarityConfig), (18 bytes).
    Removing stm32f10x_tim.o(i.TIM_OC2FastConfig), (26 bytes).
    Removing stm32f10x_tim.o(i.TIM_OC2NPolarityConfig), (26 bytes).
    Removing stm32f10x_tim.o(i.TIM_OC2PolarityConfig), (26 bytes).
    Removing stm32f10x_tim.o(i.TIM_OC3FastConfig), (18 bytes).
    Removing stm32f10x_tim.o(i.TIM_OC3NPolarityConfig), (26 bytes).
    Removing stm32f10x_tim.o(i.TIM_OC3PolarityConfig), (26 bytes).
    Removing stm32f10x_tim.o(i.TIM_OC4FastConfig), (26 bytes).
    Removing stm32f10x_tim.o(i.TIM_OC4PolarityConfig), (26 bytes).
    Removing stm32f10x_tim.o(i.TIM_OCStructInit), (20 bytes).
    Removing stm32f10x_tim.o(i.TIM_PWMIConfig), (124 bytes).
    Removing stm32f10x_tim.o(i.TIM_PrescalerConfig), (6 bytes).
    Removing stm32f10x_tim.o(i.TIM_SelectCCDMA), (24 bytes).
    Removing stm32f10x_tim.o(i.TIM_SelectCOM), (24 bytes).
    Removing stm32f10x_tim.o(i.TIM_SelectHallSensor), (24 bytes).
    Removing stm32f10x_tim.o(i.TIM_SelectInputTrigger), (18 bytes).
    Removing stm32f10x_tim.o(i.TIM_SelectMasterSlaveMode), (18 bytes).
    Removing stm32f10x_tim.o(i.TIM_SelectOCxM), (82 bytes).
    Removing stm32f10x_tim.o(i.TIM_SelectOnePulseMode), (18 bytes).
    Removing stm32f10x_tim.o(i.TIM_SelectOutputTrigger), (18 bytes).
    Removing stm32f10x_tim.o(i.TIM_SelectSlaveMode), (18 bytes).
    Removing stm32f10x_tim.o(i.TIM_SetAutoreload), (4 bytes).
    Removing stm32f10x_tim.o(i.TIM_SetClockDivision), (18 bytes).
    Removing stm32f10x_tim.o(i.TIM_SetCompare1), (4 bytes).
    Removing stm32f10x_tim.o(i.TIM_SetCompare2), (4 bytes).
    Removing stm32f10x_tim.o(i.TIM_SetCompare3), (4 bytes).
    Removing stm32f10x_tim.o(i.TIM_SetCompare4), (6 bytes).
    Removing stm32f10x_tim.o(i.TIM_SetCounter), (4 bytes).
    Removing stm32f10x_tim.o(i.TIM_SetIC1Prescaler), (18 bytes).
    Removing stm32f10x_tim.o(i.TIM_SetIC2Prescaler), (26 bytes).
    Removing stm32f10x_tim.o(i.TIM_SetIC3Prescaler), (18 bytes).
    Removing stm32f10x_tim.o(i.TIM_SetIC4Prescaler), (26 bytes).
    Removing stm32f10x_tim.o(i.TIM_TIxExternalClockConfig), (62 bytes).
    Removing stm32f10x_tim.o(i.TIM_TimeBaseStructInit), (18 bytes).
    Removing stm32f10x_tim.o(i.TIM_UpdateDisableConfig), (24 bytes).
    Removing stm32f10x_tim.o(i.TIM_UpdateRequestConfig), (24 bytes).
    Removing stm32f10x_usart.o(i.USART_ClockInit), (34 bytes).
    Removing stm32f10x_usart.o(i.USART_ClockStructInit), (12 bytes).
    Removing stm32f10x_usart.o(i.USART_DMACmd), (18 bytes).
    Removing stm32f10x_usart.o(i.USART_DeInit), (156 bytes).
    Removing stm32f10x_usart.o(i.USART_HalfDuplexCmd), (24 bytes).
    Removing stm32f10x_usart.o(i.USART_IrDACmd), (24 bytes).
    Removing stm32f10x_usart.o(i.USART_IrDAConfig), (18 bytes).
    Removing stm32f10x_usart.o(i.USART_LINBreakDetectLengthConfig), (18 bytes).
    Removing stm32f10x_usart.o(i.USART_LINCmd), (24 bytes).
    Removing stm32f10x_usart.o(i.USART_OneBitMethodCmd), (24 bytes).
    Removing stm32f10x_usart.o(i.USART_OverSampling8Cmd), (22 bytes).
    Removing stm32f10x_usart.o(i.USART_ReceiverWakeUpCmd), (24 bytes).
    Removing stm32f10x_usart.o(i.USART_SendBreak), (10 bytes).
    Removing stm32f10x_usart.o(i.USART_SendData), (8 bytes).
    Removing stm32f10x_usart.o(i.USART_SetAddress), (18 bytes).
    Removing stm32f10x_usart.o(i.USART_SetGuardTime), (16 bytes).
    Removing stm32f10x_usart.o(i.USART_SetPrescaler), (16 bytes).
    Removing stm32f10x_usart.o(i.USART_SmartCardCmd), (24 bytes).
    Removing stm32f10x_usart.o(i.USART_SmartCardNACKCmd), (24 bytes).
    Removing stm32f10x_usart.o(i.USART_StructInit), (24 bytes).
    Removing stm32f10x_usart.o(i.USART_WakeUpConfig), (18 bytes).
    Removing stm32f10x_wwdg.o(i.WWDG_ClearFlag), (12 bytes).
    Removing stm32f10x_wwdg.o(i.WWDG_DeInit), (22 bytes).
    Removing stm32f10x_wwdg.o(i.WWDG_Enable), (16 bytes).
    Removing stm32f10x_wwdg.o(i.WWDG_EnableIT), (12 bytes).
    Removing stm32f10x_wwdg.o(i.WWDG_GetFlagStatus), (12 bytes).
    Removing stm32f10x_wwdg.o(i.WWDG_SetCounter), (16 bytes).
    Removing stm32f10x_wwdg.o(i.WWDG_SetPrescaler), (24 bytes).
    Removing stm32f10x_wwdg.o(i.WWDG_SetWindowValue), (40 bytes).
    Removing stm32f10x_adc.o(i.ADC_AnalogWatchdogCmd), (20 bytes).
    Removing stm32f10x_adc.o(i.ADC_AnalogWatchdogSingleChannelConfig), (16 bytes).
    Removing stm32f10x_adc.o(i.ADC_AnalogWatchdogThresholdsConfig), (6 bytes).
    Removing stm32f10x_adc.o(i.ADC_AutoInjectedConvCmd), (22 bytes).
    Removing stm32f10x_adc.o(i.ADC_ClearFlag), (6 bytes).
    Removing stm32f10x_adc.o(i.ADC_ClearITPendingBit), (10 bytes).
    Removing stm32f10x_adc.o(i.ADC_Cmd), (22 bytes).
    Removing stm32f10x_adc.o(i.ADC_DMACmd), (22 bytes).
    Removing stm32f10x_adc.o(i.ADC_DeInit), (92 bytes).
    Removing stm32f10x_adc.o(i.ADC_DiscModeChannelCountConfig), (24 bytes).
    Removing stm32f10x_adc.o(i.ADC_DiscModeCmd), (22 bytes).
    Removing stm32f10x_adc.o(i.ADC_ExternalTrigConvCmd), (22 bytes).
    Removing stm32f10x_adc.o(i.ADC_ExternalTrigInjectedConvCmd), (22 bytes).
    Removing stm32f10x_adc.o(i.ADC_ExternalTrigInjectedConvConfig), (16 bytes).
    Removing stm32f10x_adc.o(i.ADC_GetCalibrationStatus), (20 bytes).
    Removing stm32f10x_adc.o(i.ADC_GetConversionValue), (8 bytes).
    Removing stm32f10x_adc.o(i.ADC_GetDualModeConversionValue), (12 bytes).
    Removing stm32f10x_adc.o(i.ADC_GetFlagStatus), (18 bytes).
    Removing stm32f10x_adc.o(i.ADC_GetITStatus), (36 bytes).
    Removing stm32f10x_adc.o(i.ADC_GetInjectedConversionValue), (28 bytes).
    Removing stm32f10x_adc.o(i.ADC_GetResetCalibrationStatus), (20 bytes).
    Removing stm32f10x_adc.o(i.ADC_GetSoftwareStartConvStatus), (20 bytes).
    Removing stm32f10x_adc.o(i.ADC_GetSoftwareStartInjectedConvCmdStatus), (20 bytes).
    Removing stm32f10x_adc.o(i.ADC_ITConfig), (24 bytes).
    Removing stm32f10x_adc.o(i.ADC_Init), (80 bytes).
    Removing stm32f10x_adc.o(i.ADC_InjectedChannelConfig), (130 bytes).
    Removing stm32f10x_adc.o(i.ADC_InjectedDiscModeCmd), (22 bytes).
    Removing stm32f10x_adc.o(i.ADC_InjectedSequencerLengthConfig), (24 bytes).
    Removing stm32f10x_adc.o(i.ADC_RegularChannelConfig), (184 bytes).
    Removing stm32f10x_adc.o(i.ADC_ResetCalibration), (10 bytes).
    Removing stm32f10x_adc.o(i.ADC_SetInjectedOffset), (20 bytes).
    Removing stm32f10x_adc.o(i.ADC_SoftwareStartConvCmd), (22 bytes).
    Removing stm32f10x_adc.o(i.ADC_SoftwareStartInjectedConvCmd), (22 bytes).
    Removing stm32f10x_adc.o(i.ADC_StartCalibration), (10 bytes).
    Removing stm32f10x_adc.o(i.ADC_StructInit), (18 bytes).
    Removing stm32f10x_adc.o(i.ADC_TempSensorVrefintCmd), (36 bytes).
    Removing stm32f10x_bkp.o(i.BKP_ClearFlag), (20 bytes).
    Removing stm32f10x_bkp.o(i.BKP_ClearITPendingBit), (20 bytes).
    Removing stm32f10x_bkp.o(i.BKP_DeInit), (16 bytes).
    Removing stm32f10x_bkp.o(i.BKP_GetFlagStatus), (12 bytes).
    Removing stm32f10x_bkp.o(i.BKP_GetITStatus), (12 bytes).
    Removing stm32f10x_bkp.o(i.BKP_ITConfig), (12 bytes).
    Removing stm32f10x_bkp.o(i.BKP_RTCOutputConfig), (28 bytes).
    Removing stm32f10x_bkp.o(i.BKP_ReadBackupRegister), (28 bytes).
    Removing stm32f10x_bkp.o(i.BKP_SetRTCCalibrationValue), (28 bytes).
    Removing stm32f10x_bkp.o(i.BKP_TamperPinCmd), (12 bytes).
    Removing stm32f10x_bkp.o(i.BKP_TamperPinLevelConfig), (12 bytes).
    Removing stm32f10x_bkp.o(i.BKP_WriteBackupRegister), (28 bytes).

435 unused section(s) (total 17528 bytes) removed from the image.

==============================================================================

Image Symbol Table

    Local Symbols

    Symbol Name                              Value     Ov Type        Size  Object(Section)

    ../clib/microlib/errno.c                 0x00000000   Number         0  errno.o ABSOLUTE
    ../clib/microlib/init/entry.s            0x00000000   Number         0  entry9a.o ABSOLUTE
    ../clib/microlib/init/entry.s            0x00000000   Number         0  entry11a.o ABSOLUTE
    ../clib/microlib/init/entry.s            0x00000000   Number         0  entry2.o ABSOLUTE
    ../clib/microlib/init/entry.s            0x00000000   Number         0  entry10b.o ABSOLUTE
    ../clib/microlib/init/entry.s            0x00000000   Number         0  entry.o ABSOLUTE
    ../clib/microlib/init/entry.s            0x00000000   Number         0  entry5.o ABSOLUTE
    ../clib/microlib/init/entry.s            0x00000000   Number         0  entry10a.o ABSOLUTE
    ../clib/microlib/init/entry.s            0x00000000   Number         0  entry8b.o ABSOLUTE
    ../clib/microlib/init/entry.s            0x00000000   Number         0  entry8a.o ABSOLUTE
    ../clib/microlib/init/entry.s            0x00000000   Number         0  entry9b.o ABSOLUTE
    ../clib/microlib/init/entry.s            0x00000000   Number         0  entry7b.o ABSOLUTE
    ../clib/microlib/init/entry.s            0x00000000   Number         0  entry11b.o ABSOLUTE
    ../clib/microlib/init/entry.s            0x00000000   Number         0  entry7a.o ABSOLUTE
    ../clib/microlib/longlong.c              0x00000000   Number         0  llsshr.o ABSOLUTE
    ../clib/microlib/longlong.c              0x00000000   Number         0  llushr.o ABSOLUTE
    ../clib/microlib/longlong.c              0x00000000   Number         0  llshl.o ABSOLUTE
    ../clib/microlib/stubs.s                 0x00000000   Number         0  iusefp.o ABSOLUTE
    ../clib/microlib/stubs.s                 0x00000000   Number         0  useno.o ABSOLUTE
    ../fplib/microlib/d2f.c                  0x00000000   Number         0  d2f.o ABSOLUTE
    ../fplib/microlib/f2d.c                  0x00000000   Number         0  f2d.o ABSOLUTE
    ../fplib/microlib/fpadd.c                0x00000000   Number         0  dadd.o ABSOLUTE
    ../fplib/microlib/fpadd.c                0x00000000   Number         0  fadd.o ABSOLUTE
    ../fplib/microlib/fpdiv.c                0x00000000   Number         0  ddiv.o ABSOLUTE
    ../fplib/microlib/fpdiv.c                0x00000000   Number         0  fdiv.o ABSOLUTE
    ../fplib/microlib/fpepilogue.c           0x00000000   Number         0  depilogue.o ABSOLUTE
    ../fplib/microlib/fpepilogue.c           0x00000000   Number         0  fepilogue.o ABSOLUTE
    ../fplib/microlib/fpfix.c                0x00000000   Number         0  dfixi.o ABSOLUTE
    ../fplib/microlib/fpfix.c                0x00000000   Number         0  ffixui.o ABSOLUTE
    ../fplib/microlib/fpflt.c                0x00000000   Number         0  dflti.o ABSOLUTE
    ../fplib/microlib/fpflt.c                0x00000000   Number         0  dfltui.o ABSOLUTE
    ../fplib/microlib/fpmul.c                0x00000000   Number         0  dmul.o ABSOLUTE
    ../fplib/microlib/fpmul.c                0x00000000   Number         0  fmul.o ABSOLUTE
    ../fplib/microlib/fpscalb.c              0x00000000   Number         0  dscalb.o ABSOLUTE
    ../fplib/microlib/fpsqrt.c               0x00000000   Number         0  dsqrt.o ABSOLUTE
    ../mathlib/atan.c                        0x00000000   Number         0  atan_x.o ABSOLUTE
    ../mathlib/atan.c                        0x00000000   Number         0  atan.o ABSOLUTE
    ../mathlib/atan2.c                       0x00000000   Number         0  atan2.o ABSOLUTE
    ../mathlib/atan2.c                       0x00000000   Number         0  atan2_x.o ABSOLUTE
    ../mathlib/cos.c                         0x00000000   Number         0  cos.o ABSOLUTE
    ../mathlib/cos.c                         0x00000000   Number         0  cos_x.o ABSOLUTE
    ../mathlib/cos_i.c                       0x00000000   Number         0  cos_i.o ABSOLUTE
    ../mathlib/dunder.c                      0x00000000   Number         0  dunder.o ABSOLUTE
    ../mathlib/fpclassify.c                  0x00000000   Number         0  fpclassify.o ABSOLUTE
    ../mathlib/poly.c                        0x00000000   Number         0  poly.o ABSOLUTE
    ../mathlib/qnan.c                        0x00000000   Number         0  qnan.o ABSOLUTE
    ../mathlib/rred.c                        0x00000000   Number         0  rred.o ABSOLUTE
    ../mathlib/sin.c                         0x00000000   Number         0  sin.o ABSOLUTE
    ../mathlib/sin.c                         0x00000000   Number         0  sin_x.o ABSOLUTE
    ../mathlib/sin_i.c                       0x00000000   Number         0  sin_i_x.o ABSOLUTE
    ../mathlib/sin_i.c                       0x00000000   Number         0  sin_i.o ABSOLUTE
    ../mathlib/sqrt.c                        0x00000000   Number         0  sqrt.o ABSOLUTE
    ../mathlib/sqrt.c                        0x00000000   Number         0  sqrt_x.o ABSOLUTE
    CORE\\core_cm3.c                         0x00000000   Number         0  core_cm3.o ABSOLUTE
    CORE\core_cm3.c                          0x00000000   Number         0  core_cm3.o ABSOLUTE
    CORE\startup_stm32f10x_hd.s              0x00000000   Number         0  startup_stm32f10x_hd.o ABSOLUTE
    Hardware\DAC.c                           0x00000000   Number         0  dac.o ABSOLUTE
    Hardware\RCC_Conf.c                      0x00000000   Number         0  rcc_conf.o ABSOLUTE
    Hardware\Robocon_ADC.c                   0x00000000   Number         0  robocon_adc.o ABSOLUTE
    Hardware\Robocon_Debug.c                 0x00000000   Number         0  robocon_debug.o ABSOLUTE
    Hardware\Robocon_TIM.c                   0x00000000   Number         0  robocon_tim.o ABSOLUTE
    Hardware\Robocon_board.c                 0x00000000   Number         0  robocon_board.o ABSOLUTE
    Hardware\usart.c                         0x00000000   Number         0  usart.o ABSOLUTE
    STM32F10x_FWLib\src\misc.c               0x00000000   Number         0  misc.o ABSOLUTE
    STM32F10x_FWLib\src\stm32f10x_adc.c      0x00000000   Number         0  stm32f10x_adc.o ABSOLUTE
    STM32F10x_FWLib\src\stm32f10x_bkp.c      0x00000000   Number         0  stm32f10x_bkp.o ABSOLUTE
    STM32F10x_FWLib\src\stm32f10x_can.c      0x00000000   Number         0  stm32f10x_can.o ABSOLUTE
    STM32F10x_FWLib\src\stm32f10x_cec.c      0x00000000   Number         0  stm32f10x_cec.o ABSOLUTE
    STM32F10x_FWLib\src\stm32f10x_crc.c      0x00000000   Number         0  stm32f10x_crc.o ABSOLUTE
    STM32F10x_FWLib\src\stm32f10x_dac.c      0x00000000   Number         0  stm32f10x_dac.o ABSOLUTE
    STM32F10x_FWLib\src\stm32f10x_dbgmcu.c   0x00000000   Number         0  stm32f10x_dbgmcu.o ABSOLUTE
    STM32F10x_FWLib\src\stm32f10x_dma.c      0x00000000   Number         0  stm32f10x_dma.o ABSOLUTE
    STM32F10x_FWLib\src\stm32f10x_exti.c     0x00000000   Number         0  stm32f10x_exti.o ABSOLUTE
    STM32F10x_FWLib\src\stm32f10x_flash.c    0x00000000   Number         0  stm32f10x_flash.o ABSOLUTE
    STM32F10x_FWLib\src\stm32f10x_fsmc.c     0x00000000   Number         0  stm32f10x_fsmc.o ABSOLUTE
    STM32F10x_FWLib\src\stm32f10x_gpio.c     0x00000000   Number         0  stm32f10x_gpio.o ABSOLUTE
    STM32F10x_FWLib\src\stm32f10x_i2c.c      0x00000000   Number         0  stm32f10x_i2c.o ABSOLUTE
    STM32F10x_FWLib\src\stm32f10x_iwdg.c     0x00000000   Number         0  stm32f10x_iwdg.o ABSOLUTE
    STM32F10x_FWLib\src\stm32f10x_pwr.c      0x00000000   Number         0  stm32f10x_pwr.o ABSOLUTE
    STM32F10x_FWLib\src\stm32f10x_rcc.c      0x00000000   Number         0  stm32f10x_rcc.o ABSOLUTE
    STM32F10x_FWLib\src\stm32f10x_rtc.c      0x00000000   Number         0  stm32f10x_rtc.o ABSOLUTE
    STM32F10x_FWLib\src\stm32f10x_sdio.c     0x00000000   Number         0  stm32f10x_sdio.o ABSOLUTE
    STM32F10x_FWLib\src\stm32f10x_spi.c      0x00000000   Number         0  stm32f10x_spi.o ABSOLUTE
    STM32F10x_FWLib\src\stm32f10x_tim.c      0x00000000   Number         0  stm32f10x_tim.o ABSOLUTE
    STM32F10x_FWLib\src\stm32f10x_usart.c    0x00000000   Number         0  stm32f10x_usart.o ABSOLUTE
    STM32F10x_FWLib\src\stm32f10x_wwdg.c     0x00000000   Number         0  stm32f10x_wwdg.o ABSOLUTE
    USER\main.c                              0x00000000   Number         0  main.o ABSOLUTE
    USER\motion_control.c                    0x00000000   Number         0  motion_control.o ABSOLUTE
    USER\motor.c                             0x00000000   Number         0  motor.o ABSOLUTE
    USER\stm32f10x_it.c                      0x00000000   Number         0  stm32f10x_it.o ABSOLUTE
    USER\system_stm32f10x.c                  0x00000000   Number         0  system_stm32f10x.o ABSOLUTE
    cdcmple.s                                0x00000000   Number         0  cdcmple.o ABSOLUTE
    cfcmple.s                                0x00000000   Number         0  cfcmple.o ABSOLUTE
    cfrcmple.s                               0x00000000   Number         0  cfrcmple.o ABSOLUTE
    dc.s                                     0x00000000   Number         0  dc.o ABSOLUTE
    handlers.s                               0x00000000   Number         0  handlers.o ABSOLUTE
    init.s                                   0x00000000   Number         0  init.o ABSOLUTE
    RESET                                    0x08000000   Section      304  startup_stm32f10x_hd.o(RESET)
    .ARM.Collect$$$$00000000                 0x08000130   Section        0  entry.o(.ARM.Collect$$$$00000000)
    .ARM.Collect$$$$00000001                 0x08000130   Section        4  entry2.o(.ARM.Collect$$$$00000001)
    .ARM.Collect$$$$00000004                 0x08000134   Section        4  entry5.o(.ARM.Collect$$$$00000004)
    .ARM.Collect$$$$00000008                 0x08000138   Section        0  entry7b.o(.ARM.Collect$$$$00000008)
    .ARM.Collect$$$$0000000A                 0x08000138   Section        0  entry8b.o(.ARM.Collect$$$$0000000A)
    .ARM.Collect$$$$0000000B                 0x08000138   Section        8  entry9a.o(.ARM.Collect$$$$0000000B)
    .ARM.Collect$$$$0000000D                 0x08000140   Section        0  entry10a.o(.ARM.Collect$$$$0000000D)
    .ARM.Collect$$$$0000000F                 0x08000140   Section        0  entry11a.o(.ARM.Collect$$$$0000000F)
    .ARM.Collect$$$$00002712                 0x08000140   Section        4  entry2.o(.ARM.Collect$$$$00002712)
    __lit__00000000                          0x08000140   Data           4  entry2.o(.ARM.Collect$$$$00002712)
    .text                                    0x08000144   Section       28  startup_stm32f10x_hd.o(.text)
    .text                                    0x08000160   Section        0  fadd.o(.text)
    .text                                    0x08000210   Section        0  fmul.o(.text)
    .text                                    0x08000274   Section        0  fdiv.o(.text)
    .text                                    0x080002f0   Section        0  dmul.o(.text)
    .text                                    0x080003d4   Section        0  ddiv.o(.text)
    .text                                    0x080004b2   Section        0  ffixui.o(.text)
    .text                                    0x080004da   Section        0  f2d.o(.text)
    .text                                    0x08000500   Section       48  cdcmple.o(.text)
    .text                                    0x08000530   Section        0  d2f.o(.text)
    .text                                    0x08000568   Section       20  cfcmple.o(.text)
    .text                                    0x0800057c   Section       20  cfrcmple.o(.text)
    .text                                    0x08000590   Section        0  iusefp.o(.text)
    .text                                    0x08000590   Section        0  fepilogue.o(.text)
    .text                                    0x080005fe   Section        0  depilogue.o(.text)
    .text                                    0x080006b8   Section        0  dadd.o(.text)
    .text                                    0x08000806   Section        0  dsqrt.o(.text)
    .text                                    0x080008a8   Section       36  init.o(.text)
    .text                                    0x080008cc   Section        0  llshl.o(.text)
    .text                                    0x080008ea   Section        0  llushr.o(.text)
    .text                                    0x0800090a   Section        0  llsshr.o(.text)
    .text                                    0x0800092e   Section        0  dscalb.o(.text)
    .text                                    0x0800095c   Section        0  dflti.o(.text)
    .text                                    0x0800097e   Section        0  dfltui.o(.text)
    .text                                    0x08000998   Section        0  dfixi.o(.text)
    i.ADC_Channel_Init                       0x080009d8   Section        0  robocon_adc.o(i.ADC_Channel_Init)
    ADC_Channel_Init                         0x080009d9   Thumb Code   296  robocon_adc.o(i.ADC_Channel_Init)
    i.Current_ADGet_Init                     0x08000b14   Section        0  robocon_adc.o(i.Current_ADGet_Init)
    i.DAC1_Init                              0x08000b20   Section        0  dac.o(i.DAC1_Init)
    i.DAC_Cmd                                0x08000b84   Section        0  stm32f10x_dac.o(i.DAC_Cmd)
    i.DAC_Init                               0x08000bac   Section        0  stm32f10x_dac.o(i.DAC_Init)
    i.DAC_SetChannel1Data                    0x08000be0   Section        0  stm32f10x_dac.o(i.DAC_SetChannel1Data)
    i.DMA_Channel_Init                       0x08000c00   Section        0  robocon_adc.o(i.DMA_Channel_Init)
    DMA_Channel_Init                         0x08000c01   Thumb Code   108  robocon_adc.o(i.DMA_Channel_Init)
    i.EXTI0_IRQHandler                       0x08000c7c   Section        0  stm32f10x_it.o(i.EXTI0_IRQHandler)
    i.EXTI1_IRQHandler                       0x08000ca0   Section        0  stm32f10x_it.o(i.EXTI1_IRQHandler)
    i.EXTI2_IRQHandler                       0x08000cc0   Section        0  stm32f10x_it.o(i.EXTI2_IRQHandler)
    i.EXTI3_IRQHandler                       0x08000cd2   Section        0  stm32f10x_it.o(i.EXTI3_IRQHandler)
    i.EXTI_ClearITPendingBit                 0x08000ce4   Section        0  stm32f10x_exti.o(i.EXTI_ClearITPendingBit)
    i.EXTI_GetITStatus                       0x08000cf0   Section        0  stm32f10x_exti.o(i.EXTI_GetITStatus)
    i.FLASH_PrefetchBufferCmd                0x08000d18   Section        0  stm32f10x_flash.o(i.FLASH_PrefetchBufferCmd)
    i.FLASH_SetLatency                       0x08000d34   Section        0  stm32f10x_flash.o(i.FLASH_SetLatency)
    i.GPIO_Init                              0x08000d4c   Section        0  stm32f10x_gpio.o(i.GPIO_Init)
    i.GPIO_PinRemapConfig                    0x08000e64   Section        0  stm32f10x_gpio.o(i.GPIO_PinRemapConfig)
    i.GPIO_SetBits                           0x08000ef4   Section        0  stm32f10x_gpio.o(i.GPIO_SetBits)
    i.Interrupt_TIM5_Init                    0x08000ef8   Section        0  robocon_tim.o(i.Interrupt_TIM5_Init)
    i.KEY_EXTI_Init                          0x08000f4c   Section        0  robocon_debug.o(i.KEY_EXTI_Init)
    i.Motor_Cal                              0x08001070   Section        0  motor.o(i.Motor_Cal)
    i.Motor_Run                              0x08001104   Section        0  motor.o(i.Motor_Run)
    i.NVIC_Init                              0x08001210   Section        0  misc.o(i.NVIC_Init)
    i.NVIC_PriorityGroupConfig               0x08001280   Section        0  misc.o(i.NVIC_PriorityGroupConfig)
    i.PWMout_TIM2_TIM3_Init                  0x08001294   Section        0  robocon_tim.o(i.PWMout_TIM2_TIM3_Init)
    i.Quadrature_decode_TIM1_Init            0x080013d4   Section        0  robocon_tim.o(i.Quadrature_decode_TIM1_Init)
    i.Quadrature_decode_TIM4_Init            0x08001520   Section        0  robocon_tim.o(i.Quadrature_decode_TIM4_Init)
    i.Quadrature_decode_TIM8_Init            0x08001654   Section        0  robocon_tim.o(i.Quadrature_decode_TIM8_Init)
    i.RCC_APB1PeriphClockCmd                 0x08001788   Section        0  stm32f10x_rcc.o(i.RCC_APB1PeriphClockCmd)
    i.RCC_APB2PeriphClockCmd                 0x080017a8   Section        0  stm32f10x_rcc.o(i.RCC_APB2PeriphClockCmd)
    i.RCC_DeInit                             0x080017c8   Section        0  stm32f10x_rcc.o(i.RCC_DeInit)
    i.RCC_GetClocksFreq                      0x08001814   Section        0  stm32f10x_rcc.o(i.RCC_GetClocksFreq)
    i.RCC_GetFlagStatus                      0x080018e8   Section        0  stm32f10x_rcc.o(i.RCC_GetFlagStatus)
    i.RCC_GetSYSCLKSource                    0x08001924   Section        0  stm32f10x_rcc.o(i.RCC_GetSYSCLKSource)
    i.RCC_HCLKConfig                         0x08001934   Section        0  stm32f10x_rcc.o(i.RCC_HCLKConfig)
    i.RCC_HSICmd                             0x0800194c   Section        0  stm32f10x_rcc.o(i.RCC_HSICmd)
    i.RCC_Init                               0x08001958   Section        0  rcc_conf.o(i.RCC_Init)
    i.RCC_PCLK1Config                        0x080019c0   Section        0  stm32f10x_rcc.o(i.RCC_PCLK1Config)
    i.RCC_PCLK2Config                        0x080019d8   Section        0  stm32f10x_rcc.o(i.RCC_PCLK2Config)
    i.RCC_PLLCmd                             0x080019f0   Section        0  stm32f10x_rcc.o(i.RCC_PLLCmd)
    i.RCC_PLLConfig                          0x080019fc   Section        0  stm32f10x_rcc.o(i.RCC_PLLConfig)
    i.RCC_SYSCLKConfig                       0x08001a18   Section        0  stm32f10x_rcc.o(i.RCC_SYSCLKConfig)
    i.Robocon_NVIC_Init                      0x08001a30   Section        0  robocon_board.o(i.Robocon_NVIC_Init)
    i.Robocon_PhoTriRacing_Board_Init        0x08001b04   Section        0  robocon_board.o(i.Robocon_PhoTriRacing_Board_Init)
    i.TIM5_IRQHandler                        0x08001b40   Section        0  stm32f10x_it.o(i.TIM5_IRQHandler)
    i.TIM_ARRPreloadConfig                   0x08001c1c   Section        0  stm32f10x_tim.o(i.TIM_ARRPreloadConfig)
    i.TIM_ClearFlag                          0x08001c34   Section        0  stm32f10x_tim.o(i.TIM_ClearFlag)
    i.TIM_ClearITPendingBit                  0x08001c3a   Section        0  stm32f10x_tim.o(i.TIM_ClearITPendingBit)
    i.TIM_Cmd                                0x08001c40   Section        0  stm32f10x_tim.o(i.TIM_Cmd)
    i.TIM_GetITStatus                        0x08001c58   Section        0  stm32f10x_tim.o(i.TIM_GetITStatus)
    i.TIM_ITConfig                           0x08001c7a   Section        0  stm32f10x_tim.o(i.TIM_ITConfig)
    i.TIM_OC1Init                            0x08001c8c   Section        0  stm32f10x_tim.o(i.TIM_OC1Init)
    i.TIM_OC1PreloadConfig                   0x08001d24   Section        0  stm32f10x_tim.o(i.TIM_OC1PreloadConfig)
    i.TIM_OC2Init                            0x08001d38   Section        0  stm32f10x_tim.o(i.TIM_OC2Init)
    i.TIM_OC2PreloadConfig                   0x08001ddc   Section        0  stm32f10x_tim.o(i.TIM_OC2PreloadConfig)
    i.TIM_OC3Init                            0x08001df8   Section        0  stm32f10x_tim.o(i.TIM_OC3Init)
    i.TIM_OC3PreloadConfig                   0x08001e98   Section        0  stm32f10x_tim.o(i.TIM_OC3PreloadConfig)
    i.TIM_OC4Init                            0x08001eac   Section        0  stm32f10x_tim.o(i.TIM_OC4Init)
    i.TIM_OC4PreloadConfig                   0x08001f28   Section        0  stm32f10x_tim.o(i.TIM_OC4PreloadConfig)
    i.TIM_TimeBaseInit                       0x08001f44   Section        0  stm32f10x_tim.o(i.TIM_TimeBaseInit)
    i.UART4_IRQHandler                       0x08001fe8   Section        0  stm32f10x_it.o(i.UART4_IRQHandler)
    i.UART4_Init                             0x08002144   Section        0  usart.o(i.UART4_Init)
    i.USART1_IRQHandler                      0x080021d0   Section        0  stm32f10x_it.o(i.USART1_IRQHandler)
    i.USART1_Init                            0x080022ac   Section        0  usart.o(i.USART1_Init)
    i.USART_ClearFlag                        0x08002330   Section        0  stm32f10x_usart.o(i.USART_ClearFlag)
    i.USART_ClearITPendingBit                0x08002342   Section        0  stm32f10x_usart.o(i.USART_ClearITPendingBit)
    i.USART_Cmd                              0x08002360   Section        0  stm32f10x_usart.o(i.USART_Cmd)
    i.USART_GetFlagStatus                    0x08002378   Section        0  stm32f10x_usart.o(i.USART_GetFlagStatus)
    i.USART_GetITStatus                      0x08002392   Section        0  stm32f10x_usart.o(i.USART_GetITStatus)
    i.USART_ITConfig                         0x080023e6   Section        0  stm32f10x_usart.o(i.USART_ITConfig)
    i.USART_Init                             0x08002430   Section        0  stm32f10x_usart.o(i.USART_Init)
    i.USART_ReceiveData                      0x08002508   Section        0  stm32f10x_usart.o(i.USART_ReceiveData)
    i.__ARM_fpclassify                       0x08002512   Section        0  fpclassify.o(i.__ARM_fpclassify)
    i.__ieee754_rem_pio2                     0x0800253c   Section        0  rred.o(i.__ieee754_rem_pio2)
    i.__kernel_cos                           0x080028c4   Section        0  cos_i.o(i.__kernel_cos)
    i.__kernel_poly                          0x080029c0   Section        0  poly.o(i.__kernel_poly)
    i.__kernel_sin                           0x08002a6c   Section        0  sin_i.o(i.__kernel_sin)
    i.__mathlib_dbl_infnan                   0x08002b58   Section        0  dunder.o(i.__mathlib_dbl_infnan)
    i.__mathlib_dbl_infnan2                  0x08002b5e   Section        0  dunder.o(i.__mathlib_dbl_infnan2)
    i.__mathlib_dbl_invalid                  0x08002b62   Section        0  dunder.o(i.__mathlib_dbl_invalid)
    i.__mathlib_dbl_underflow                0x08002b70   Section        0  dunder.o(i.__mathlib_dbl_underflow)
    i.__scatterload_copy                     0x08002b80   Section       14  handlers.o(i.__scatterload_copy)
    i.__scatterload_null                     0x08002b8e   Section        2  handlers.o(i.__scatterload_null)
    i.__scatterload_zeroinit                 0x08002b90   Section       14  handlers.o(i.__scatterload_zeroinit)
    i.__set_errno                            0x08002ba0   Section        0  errno.o(i.__set_errno)
    i.atan                                   0x08002bac   Section        0  atan.o(i.atan)
    i.atan2                                  0x08002dcc   Section        0  atan2.o(i.atan2)
    i.basicLine                              0x08002f4c   Section        0  motion_control.o(i.basicLine)
    i.closeLoopLine                          0x08003030   Section        0  motion_control.o(i.closeLoopLine)
    i.cos                                    0x080031dc   Section        0  cos.o(i.cos)
    i.distanceCal                            0x08003278   Section        0  motion_control.o(i.distanceCal)
    i.main                                   0x08003340   Section        0  main.o(i.main)
    i.point_to_point                         0x0800335c   Section        0  motion_control.o(i.point_to_point)
    i.setOrigin                              0x080035cc   Section        0  motion_control.o(i.setOrigin)
    i.sin                                    0x08003600   Section        0  sin.o(i.sin)
    i.sqrt                                   0x080036a0   Section        0  sqrt.o(i.sqrt)
    .constdata                               0x080036f0   Section      152  atan.o(.constdata)
    atanhi                                   0x080036f0   Data          32  atan.o(.constdata)
    atanlo                                   0x08003710   Data          32  atan.o(.constdata)
    aTodd                                    0x08003730   Data          40  atan.o(.constdata)
    aTeven                                   0x08003758   Data          48  atan.o(.constdata)
    .constdata                               0x08003788   Section       48  cos_i.o(.constdata)
    C                                        0x08003788   Data          48  cos_i.o(.constdata)
    .constdata                               0x080037b8   Section        8  qnan.o(.constdata)
    .constdata                               0x080037c0   Section      200  rred.o(.constdata)
    pio2s                                    0x080037c0   Data          48  rred.o(.constdata)
    twooverpi                                0x080037f0   Data         152  rred.o(.constdata)
    .constdata                               0x08003888   Section       40  sin_i.o(.constdata)
    S                                        0x08003888   Data          40  sin_i.o(.constdata)
    .data                                    0x20000000   Section       20  main.o(.data)
    .data                                    0x20000014   Section       29  stm32f10x_it.o(.data)
    ch                                       0x20000024   Data           1  stm32f10x_it.o(.data)
    para_get                                 0x20000028   Data           4  stm32f10x_it.o(.data)
    count                                    0x2000002c   Data           1  stm32f10x_it.o(.data)
    i                                        0x2000002d   Data           1  stm32f10x_it.o(.data)
    ch                                       0x2000002e   Data           1  stm32f10x_it.o(.data)
    count                                    0x2000002f   Data           1  stm32f10x_it.o(.data)
    i                                        0x20000030   Data           1  stm32f10x_it.o(.data)
    .data                                    0x20000034   Section       42  motion_control.o(.data)
    origin_cll_x                             0x20000034   Data           4  motion_control.o(.data)
    origin_cll_y                             0x20000038   Data           4  motion_control.o(.data)
    err_pos_sum                              0x2000003c   Data           4  motion_control.o(.data)
    err_ang_sum                              0x20000040   Data           4  motion_control.o(.data)
    err_pos_last                             0x20000044   Data           4  motion_control.o(.data)
    err_ang_last                             0x20000048   Data           4  motion_control.o(.data)
    distance                                 0x2000004c   Data           4  motion_control.o(.data)
    err_sum                                  0x20000050   Data           4  motion_control.o(.data)
    last_err                                 0x20000054   Data           4  motion_control.o(.data)
    last_distance                            0x20000058   Data           4  motion_control.o(.data)
    flag                                     0x2000005c   Data           1  motion_control.o(.data)
    flag_start                               0x2000005d   Data           1  motion_control.o(.data)
    .data                                    0x2000005e   Section        1  motor.o(.data)
    .data                                    0x20000060   Section        6  robocon_tim.o(.data)
    .data                                    0x20000066   Section       20  stm32f10x_rcc.o(.data)
    APBAHBPrescTable                         0x20000066   Data          16  stm32f10x_rcc.o(.data)
    ADCPrescTable                            0x20000076   Data           4  stm32f10x_rcc.o(.data)
    .data                                    0x2000007c   Section        4  errno.o(.data)
    _errno                                   0x2000007c   Data           4  errno.o(.data)
    .bss                                     0x20000080   Section       48  stm32f10x_it.o(.bss)
    posture                                  0x20000098   Data          24  stm32f10x_it.o(.bss)
    .bss                                     0x200000b0   Section       16  motor.o(.bss)
    .bss                                     0x200000c0   Section       12  robocon_adc.o(.bss)
    STACK                                    0x200000d0   Section     1024  startup_stm32f10x_hd.o(STACK)

    Global Symbols

    Symbol Name                              Value     Ov Type        Size  Object(Section)

    BuildAttributes$$THM_ISAv4$P$D$K$B$S$PE$A:L22UL41UL21$X:L11$S22US41US21$IEEE1$IW$USESV6$~STKCKD$USESV7$~SHL$OTIME$ROPI$IEEEX$EBA8$MICROLIB$REQ8$PRES8$EABIv2 0x00000000   Number         0  anon$$obj.o ABSOLUTE
    __ARM_use_no_argv                        0x00000000   Number         0  main.o ABSOLUTE
    __use_no_errno                           0x00000000   Number         0  useno.o ABSOLUTE
    __use_no_exception_handling              0x00000000   Number         0  useno.o ABSOLUTE
    __use_no_fp                              0x00000000   Number         0  useno.o ABSOLUTE
    __use_no_heap                            0x00000000   Number         0  useno.o ABSOLUTE
    __use_no_heap_region                     0x00000000   Number         0  useno.o ABSOLUTE
    __use_no_semihosting                     0x00000000   Number         0  useno.o ABSOLUTE
    __use_no_semihosting_swi                 0x00000000   Number         0  useno.o ABSOLUTE
    __use_no_signal_handling                 0x00000000   Number         0  useno.o ABSOLUTE
    __cpp_initialize__aeabi_                  - Undefined Weak Reference
    __cxa_finalize                            - Undefined Weak Reference
    __decompress                              - Undefined Weak Reference
    _clock_init                               - Undefined Weak Reference
    _microlib_exit                            - Undefined Weak Reference
    __Vectors_Size                           0x00000130   Number         0  startup_stm32f10x_hd.o ABSOLUTE
    __Vectors                                0x08000000   Data           4  startup_stm32f10x_hd.o(RESET)
    __Vectors_End                            0x08000130   Data           0  startup_stm32f10x_hd.o(RESET)
    __main                                   0x08000131   Thumb Code     0  entry.o(.ARM.Collect$$$$00000000)
    _main_stk                                0x08000131   Thumb Code     0  entry2.o(.ARM.Collect$$$$00000001)
    _main_scatterload                        0x08000135   Thumb Code     0  entry5.o(.ARM.Collect$$$$00000004)
    __main_after_scatterload                 0x08000139   Thumb Code     0  entry5.o(.ARM.Collect$$$$00000004)
    _main_clock                              0x08000139   Thumb Code     0  entry7b.o(.ARM.Collect$$$$00000008)
    _main_cpp_init                           0x08000139   Thumb Code     0  entry8b.o(.ARM.Collect$$$$0000000A)
    _main_init                               0x08000139   Thumb Code     0  entry9a.o(.ARM.Collect$$$$0000000B)
    __rt_final_cpp                           0x08000141   Thumb Code     0  entry10a.o(.ARM.Collect$$$$0000000D)
    __rt_final_exit                          0x08000141   Thumb Code     0  entry11a.o(.ARM.Collect$$$$0000000F)
    Reset_Handler                            0x08000145   Thumb Code     4  startup_stm32f10x_hd.o(.text)
    NMI_Handler                              0x08000149   Thumb Code     2  startup_stm32f10x_hd.o(.text)
    HardFault_Handler                        0x0800014b   Thumb Code     2  startup_stm32f10x_hd.o(.text)
    MemManage_Handler                        0x0800014d   Thumb Code     2  startup_stm32f10x_hd.o(.text)
    BusFault_Handler                         0x0800014f   Thumb Code     2  startup_stm32f10x_hd.o(.text)
    UsageFault_Handler                       0x08000151   Thumb Code     2  startup_stm32f10x_hd.o(.text)
    SVC_Handler                              0x08000153   Thumb Code     2  startup_stm32f10x_hd.o(.text)
    DebugMon_Handler                         0x08000155   Thumb Code     2  startup_stm32f10x_hd.o(.text)
    PendSV_Handler                           0x08000157   Thumb Code     2  startup_stm32f10x_hd.o(.text)
    SysTick_Handler                          0x08000159   Thumb Code     2  startup_stm32f10x_hd.o(.text)
    ADC1_2_IRQHandler                        0x0800015b   Thumb Code     0  startup_stm32f10x_hd.o(.text)
    ADC3_IRQHandler                          0x0800015b   Thumb Code     0  startup_stm32f10x_hd.o(.text)
    CAN1_RX1_IRQHandler                      0x0800015b   Thumb Code     0  startup_stm32f10x_hd.o(.text)
    CAN1_SCE_IRQHandler                      0x0800015b   Thumb Code     0  startup_stm32f10x_hd.o(.text)
    DMA1_Channel1_IRQHandler                 0x0800015b   Thumb Code     0  startup_stm32f10x_hd.o(.text)
    DMA1_Channel2_IRQHandler                 0x0800015b   Thumb Code     0  startup_stm32f10x_hd.o(.text)
    DMA1_Channel3_IRQHandler                 0x0800015b   Thumb Code     0  startup_stm32f10x_hd.o(.text)
    DMA1_Channel4_IRQHandler                 0x0800015b   Thumb Code     0  startup_stm32f10x_hd.o(.text)
    DMA1_Channel5_IRQHandler                 0x0800015b   Thumb Code     0  startup_stm32f10x_hd.o(.text)
    DMA1_Channel6_IRQHandler                 0x0800015b   Thumb Code     0  startup_stm32f10x_hd.o(.text)
    DMA1_Channel7_IRQHandler                 0x0800015b   Thumb Code     0  startup_stm32f10x_hd.o(.text)
    DMA2_Channel1_IRQHandler                 0x0800015b   Thumb Code     0  startup_stm32f10x_hd.o(.text)
    DMA2_Channel2_IRQHandler                 0x0800015b   Thumb Code     0  startup_stm32f10x_hd.o(.text)
    DMA2_Channel3_IRQHandler                 0x0800015b   Thumb Code     0  startup_stm32f10x_hd.o(.text)
    DMA2_Channel4_5_IRQHandler               0x0800015b   Thumb Code     0  startup_stm32f10x_hd.o(.text)
    EXTI15_10_IRQHandler                     0x0800015b   Thumb Code     0  startup_stm32f10x_hd.o(.text)
    EXTI4_IRQHandler                         0x0800015b   Thumb Code     0  startup_stm32f10x_hd.o(.text)
    EXTI9_5_IRQHandler                       0x0800015b   Thumb Code     0  startup_stm32f10x_hd.o(.text)
    FLASH_IRQHandler                         0x0800015b   Thumb Code     0  startup_stm32f10x_hd.o(.text)
    FSMC_IRQHandler                          0x0800015b   Thumb Code     0  startup_stm32f10x_hd.o(.text)
    I2C1_ER_IRQHandler                       0x0800015b   Thumb Code     0  startup_stm32f10x_hd.o(.text)
    I2C1_EV_IRQHandler                       0x0800015b   Thumb Code     0  startup_stm32f10x_hd.o(.text)
    I2C2_ER_IRQHandler                       0x0800015b   Thumb Code     0  startup_stm32f10x_hd.o(.text)
    I2C2_EV_IRQHandler                       0x0800015b   Thumb Code     0  startup_stm32f10x_hd.o(.text)
    PVD_IRQHandler                           0x0800015b   Thumb Code     0  startup_stm32f10x_hd.o(.text)
    RCC_IRQHandler                           0x0800015b   Thumb Code     0  startup_stm32f10x_hd.o(.text)
    RTCAlarm_IRQHandler                      0x0800015b   Thumb Code     0  startup_stm32f10x_hd.o(.text)
    RTC_IRQHandler                           0x0800015b   Thumb Code     0  startup_stm32f10x_hd.o(.text)
    SDIO_IRQHandler                          0x0800015b   Thumb Code     0  startup_stm32f10x_hd.o(.text)
    SPI1_IRQHandler                          0x0800015b   Thumb Code     0  startup_stm32f10x_hd.o(.text)
    SPI2_IRQHandler                          0x0800015b   Thumb Code     0  startup_stm32f10x_hd.o(.text)
    SPI3_IRQHandler                          0x0800015b   Thumb Code     0  startup_stm32f10x_hd.o(.text)
    TAMPER_IRQHandler                        0x0800015b   Thumb Code     0  startup_stm32f10x_hd.o(.text)
    TIM1_BRK_IRQHandler                      0x0800015b   Thumb Code     0  startup_stm32f10x_hd.o(.text)
    TIM1_CC_IRQHandler                       0x0800015b   Thumb Code     0  startup_stm32f10x_hd.o(.text)
    TIM1_TRG_COM_IRQHandler                  0x0800015b   Thumb Code     0  startup_stm32f10x_hd.o(.text)
    TIM1_UP_IRQHandler                       0x0800015b   Thumb Code     0  startup_stm32f10x_hd.o(.text)
    TIM2_IRQHandler                          0x0800015b   Thumb Code     0  startup_stm32f10x_hd.o(.text)
    TIM3_IRQHandler                          0x0800015b   Thumb Code     0  startup_stm32f10x_hd.o(.text)
    TIM4_IRQHandler                          0x0800015b   Thumb Code     0  startup_stm32f10x_hd.o(.text)
    TIM6_IRQHandler                          0x0800015b   Thumb Code     0  startup_stm32f10x_hd.o(.text)
    TIM7_IRQHandler                          0x0800015b   Thumb Code     0  startup_stm32f10x_hd.o(.text)
    TIM8_BRK_IRQHandler                      0x0800015b   Thumb Code     0  startup_stm32f10x_hd.o(.text)
    TIM8_CC_IRQHandler                       0x0800015b   Thumb Code     0  startup_stm32f10x_hd.o(.text)
    TIM8_TRG_COM_IRQHandler                  0x0800015b   Thumb Code     0  startup_stm32f10x_hd.o(.text)
    TIM8_UP_IRQHandler                       0x0800015b   Thumb Code     0  startup_stm32f10x_hd.o(.text)
    UART5_IRQHandler                         0x0800015b   Thumb Code     0  startup_stm32f10x_hd.o(.text)
    USART2_IRQHandler                        0x0800015b   Thumb Code     0  startup_stm32f10x_hd.o(.text)
    USART3_IRQHandler                        0x0800015b   Thumb Code     0  startup_stm32f10x_hd.o(.text)
    USBWakeUp_IRQHandler                     0x0800015b   Thumb Code     0  startup_stm32f10x_hd.o(.text)
    USB_HP_CAN1_TX_IRQHandler                0x0800015b   Thumb Code     0  startup_stm32f10x_hd.o(.text)
    USB_LP_CAN1_RX0_IRQHandler               0x0800015b   Thumb Code     0  startup_stm32f10x_hd.o(.text)
    WWDG_IRQHandler                          0x0800015b   Thumb Code     0  startup_stm32f10x_hd.o(.text)
    __aeabi_fadd                             0x08000161   Thumb Code   164  fadd.o(.text)
    __aeabi_fsub                             0x08000205   Thumb Code     6  fadd.o(.text)
    __aeabi_frsub                            0x0800020b   Thumb Code     6  fadd.o(.text)
    __aeabi_fmul                             0x08000211   Thumb Code   100  fmul.o(.text)
    __aeabi_fdiv                             0x08000275   Thumb Code   124  fdiv.o(.text)
    __aeabi_dmul                             0x080002f1   Thumb Code   228  dmul.o(.text)
    __aeabi_ddiv                             0x080003d5   Thumb Code   222  ddiv.o(.text)
    __aeabi_f2uiz                            0x080004b3   Thumb Code    40  ffixui.o(.text)
    __aeabi_f2d                              0x080004db   Thumb Code    38  f2d.o(.text)
    __aeabi_cdcmpeq                          0x08000501   Thumb Code     0  cdcmple.o(.text)
    __aeabi_cdcmple                          0x08000501   Thumb Code    48  cdcmple.o(.text)
    __aeabi_d2f                              0x08000531   Thumb Code    56  d2f.o(.text)
    __aeabi_cfcmpeq                          0x08000569   Thumb Code     0  cfcmple.o(.text)
    __aeabi_cfcmple                          0x08000569   Thumb Code    20  cfcmple.o(.text)
    __aeabi_cfrcmple                         0x0800057d   Thumb Code    20  cfrcmple.o(.text)
    __I$use$fp                               0x08000591   Thumb Code     0  iusefp.o(.text)
    _float_round                             0x08000591   Thumb Code    18  fepilogue.o(.text)
    _float_epilogue                          0x080005a3   Thumb Code    92  fepilogue.o(.text)
    _double_round                            0x080005ff   Thumb Code    30  depilogue.o(.text)
    _double_epilogue                         0x0800061d   Thumb Code   156  depilogue.o(.text)
    __aeabi_dadd                             0x080006b9   Thumb Code   322  dadd.o(.text)
    __aeabi_dsub                             0x080007fb   Thumb Code     6  dadd.o(.text)
    __aeabi_drsub                            0x08000801   Thumb Code     6  dadd.o(.text)
    _dsqrt                                   0x08000807   Thumb Code   162  dsqrt.o(.text)
    __scatterload                            0x080008a9   Thumb Code    28  init.o(.text)
    __scatterload_rt2                        0x080008a9   Thumb Code     0  init.o(.text)
    __aeabi_llsl                             0x080008cd   Thumb Code    30  llshl.o(.text)
    _ll_shift_l                              0x080008cd   Thumb Code     0  llshl.o(.text)
    __aeabi_llsr                             0x080008eb   Thumb Code    32  llushr.o(.text)
    _ll_ushift_r                             0x080008eb   Thumb Code     0  llushr.o(.text)
    __aeabi_lasr                             0x0800090b   Thumb Code    36  llsshr.o(.text)
    _ll_sshift_r                             0x0800090b   Thumb Code     0  llsshr.o(.text)
    __ARM_scalbn                             0x0800092f   Thumb Code    46  dscalb.o(.text)
    scalbn                                   0x0800092f   Thumb Code     0  dscalb.o(.text)
    __aeabi_i2d                              0x0800095d   Thumb Code    34  dflti.o(.text)
    __aeabi_ui2d                             0x0800097f   Thumb Code    26  dfltui.o(.text)
    __aeabi_d2iz                             0x08000999   Thumb Code    62  dfixi.o(.text)
    Current_ADGet_Init                       0x08000b15   Thumb Code    12  robocon_adc.o(i.Current_ADGet_Init)
    DAC1_Init                                0x08000b21   Thumb Code    94  dac.o(i.DAC1_Init)
    DAC_Cmd                                  0x08000b85   Thumb Code    34  stm32f10x_dac.o(i.DAC_Cmd)
    DAC_Init                                 0x08000bad   Thumb Code    46  stm32f10x_dac.o(i.DAC_Init)
    DAC_SetChannel1Data                      0x08000be1   Thumb Code    26  stm32f10x_dac.o(i.DAC_SetChannel1Data)
    EXTI0_IRQHandler                         0x08000c7d   Thumb Code    30  stm32f10x_it.o(i.EXTI0_IRQHandler)
    EXTI1_IRQHandler                         0x08000ca1   Thumb Code    28  stm32f10x_it.o(i.EXTI1_IRQHandler)
    EXTI2_IRQHandler                         0x08000cc1   Thumb Code    18  stm32f10x_it.o(i.EXTI2_IRQHandler)
    EXTI3_IRQHandler                         0x08000cd3   Thumb Code    18  stm32f10x_it.o(i.EXTI3_IRQHandler)
    EXTI_ClearITPendingBit                   0x08000ce5   Thumb Code     6  stm32f10x_exti.o(i.EXTI_ClearITPendingBit)
    EXTI_GetITStatus                         0x08000cf1   Thumb Code    34  stm32f10x_exti.o(i.EXTI_GetITStatus)
    FLASH_PrefetchBufferCmd                  0x08000d19   Thumb Code    22  stm32f10x_flash.o(i.FLASH_PrefetchBufferCmd)
    FLASH_SetLatency                         0x08000d35   Thumb Code    18  stm32f10x_flash.o(i.FLASH_SetLatency)
    GPIO_Init                                0x08000d4d   Thumb Code   278  stm32f10x_gpio.o(i.GPIO_Init)
    GPIO_PinRemapConfig                      0x08000e65   Thumb Code   138  stm32f10x_gpio.o(i.GPIO_PinRemapConfig)
    GPIO_SetBits                             0x08000ef5   Thumb Code     4  stm32f10x_gpio.o(i.GPIO_SetBits)
    Interrupt_TIM5_Init                      0x08000ef9   Thumb Code    78  robocon_tim.o(i.Interrupt_TIM5_Init)
    KEY_EXTI_Init                            0x08000f4d   Thumb Code   276  robocon_debug.o(i.KEY_EXTI_Init)
    Motor_Cal                                0x08001071   Thumb Code   118  motor.o(i.Motor_Cal)
    Motor_Run                                0x08001105   Thumb Code   254  motor.o(i.Motor_Run)
    NVIC_Init                                0x08001211   Thumb Code   100  misc.o(i.NVIC_Init)
    NVIC_PriorityGroupConfig                 0x08001281   Thumb Code    10  misc.o(i.NVIC_PriorityGroupConfig)
    PWMout_TIM2_TIM3_Init                    0x08001295   Thumb Code   310  robocon_tim.o(i.PWMout_TIM2_TIM3_Init)
    Quadrature_decode_TIM1_Init              0x080013d5   Thumb Code   314  robocon_tim.o(i.Quadrature_decode_TIM1_Init)
    Quadrature_decode_TIM4_Init              0x08001521   Thumb Code   294  robocon_tim.o(i.Quadrature_decode_TIM4_Init)
    Quadrature_decode_TIM8_Init              0x08001655   Thumb Code   294  robocon_tim.o(i.Quadrature_decode_TIM8_Init)
    RCC_APB1PeriphClockCmd                   0x08001789   Thumb Code    26  stm32f10x_rcc.o(i.RCC_APB1PeriphClockCmd)
    RCC_APB2PeriphClockCmd                   0x080017a9   Thumb Code    26  stm32f10x_rcc.o(i.RCC_APB2PeriphClockCmd)
    RCC_DeInit                               0x080017c9   Thumb Code    64  stm32f10x_rcc.o(i.RCC_DeInit)
    RCC_GetClocksFreq                        0x08001815   Thumb Code   192  stm32f10x_rcc.o(i.RCC_GetClocksFreq)
    RCC_GetFlagStatus                        0x080018e9   Thumb Code    56  stm32f10x_rcc.o(i.RCC_GetFlagStatus)
    RCC_GetSYSCLKSource                      0x08001925   Thumb Code    10  stm32f10x_rcc.o(i.RCC_GetSYSCLKSource)
    RCC_HCLKConfig                           0x08001935   Thumb Code    18  stm32f10x_rcc.o(i.RCC_HCLKConfig)
    RCC_HSICmd                               0x0800194d   Thumb Code     6  stm32f10x_rcc.o(i.RCC_HSICmd)
    RCC_Init                                 0x08001959   Thumb Code   102  rcc_conf.o(i.RCC_Init)
    RCC_PCLK1Config                          0x080019c1   Thumb Code    18  stm32f10x_rcc.o(i.RCC_PCLK1Config)
    RCC_PCLK2Config                          0x080019d9   Thumb Code    20  stm32f10x_rcc.o(i.RCC_PCLK2Config)
    RCC_PLLCmd                               0x080019f1   Thumb Code     6  stm32f10x_rcc.o(i.RCC_PLLCmd)
    RCC_PLLConfig                            0x080019fd   Thumb Code    24  stm32f10x_rcc.o(i.RCC_PLLConfig)
    RCC_SYSCLKConfig                         0x08001a19   Thumb Code    18  stm32f10x_rcc.o(i.RCC_SYSCLKConfig)
    Robocon_NVIC_Init                        0x08001a31   Thumb Code   212  robocon_board.o(i.Robocon_NVIC_Init)
    Robocon_PhoTriRacing_Board_Init          0x08001b05   Thumb Code    60  robocon_board.o(i.Robocon_PhoTriRacing_Board_Init)
    TIM5_IRQHandler                          0x08001b41   Thumb Code   178  stm32f10x_it.o(i.TIM5_IRQHandler)
    TIM_ARRPreloadConfig                     0x08001c1d   Thumb Code    24  stm32f10x_tim.o(i.TIM_ARRPreloadConfig)
    TIM_ClearFlag                            0x08001c35   Thumb Code     6  stm32f10x_tim.o(i.TIM_ClearFlag)
    TIM_ClearITPendingBit                    0x08001c3b   Thumb Code     6  stm32f10x_tim.o(i.TIM_ClearITPendingBit)
    TIM_Cmd                                  0x08001c41   Thumb Code    24  stm32f10x_tim.o(i.TIM_Cmd)
    TIM_GetITStatus                          0x08001c59   Thumb Code    34  stm32f10x_tim.o(i.TIM_GetITStatus)
    TIM_ITConfig                             0x08001c7b   Thumb Code    18  stm32f10x_tim.o(i.TIM_ITConfig)
    TIM_OC1Init                              0x08001c8d   Thumb Code   132  stm32f10x_tim.o(i.TIM_OC1Init)
    TIM_OC1PreloadConfig                     0x08001d25   Thumb Code    18  stm32f10x_tim.o(i.TIM_OC1PreloadConfig)
    TIM_OC2Init                              0x08001d39   Thumb Code   154  stm32f10x_tim.o(i.TIM_OC2Init)
    TIM_OC2PreloadConfig                     0x08001ddd   Thumb Code    26  stm32f10x_tim.o(i.TIM_OC2PreloadConfig)
    TIM_OC3Init                              0x08001df9   Thumb Code   150  stm32f10x_tim.o(i.TIM_OC3Init)
    TIM_OC3PreloadConfig                     0x08001e99   Thumb Code    18  stm32f10x_tim.o(i.TIM_OC3PreloadConfig)
    TIM_OC4Init                              0x08001ead   Thumb Code   114  stm32f10x_tim.o(i.TIM_OC4Init)
    TIM_OC4PreloadConfig                     0x08001f29   Thumb Code    26  stm32f10x_tim.o(i.TIM_OC4PreloadConfig)
    TIM_TimeBaseInit                         0x08001f45   Thumb Code   122  stm32f10x_tim.o(i.TIM_TimeBaseInit)
    UART4_IRQHandler                         0x08001fe9   Thumb Code   316  stm32f10x_it.o(i.UART4_IRQHandler)
    UART4_Init                               0x08002145   Thumb Code   130  usart.o(i.UART4_Init)
    USART1_IRQHandler                        0x080021d1   Thumb Code   190  stm32f10x_it.o(i.USART1_IRQHandler)
    USART1_Init                              0x080022ad   Thumb Code   124  usart.o(i.USART1_Init)
    USART_ClearFlag                          0x08002331   Thumb Code    18  stm32f10x_usart.o(i.USART_ClearFlag)
    USART_ClearITPendingBit                  0x08002343   Thumb Code    30  stm32f10x_usart.o(i.USART_ClearITPendingBit)
    USART_Cmd                                0x08002361   Thumb Code    24  stm32f10x_usart.o(i.USART_Cmd)
    USART_GetFlagStatus                      0x08002379   Thumb Code    26  stm32f10x_usart.o(i.USART_GetFlagStatus)
    USART_GetITStatus                        0x08002393   Thumb Code    84  stm32f10x_usart.o(i.USART_GetITStatus)
    USART_ITConfig                           0x080023e7   Thumb Code    74  stm32f10x_usart.o(i.USART_ITConfig)
    USART_Init                               0x08002431   Thumb Code   210  stm32f10x_usart.o(i.USART_Init)
    USART_ReceiveData                        0x08002509   Thumb Code    10  stm32f10x_usart.o(i.USART_ReceiveData)
    __ARM_fpclassify                         0x08002513   Thumb Code    40  fpclassify.o(i.__ARM_fpclassify)
    __ieee754_rem_pio2                       0x0800253d   Thumb Code   828  rred.o(i.__ieee754_rem_pio2)
    __kernel_cos                             0x080028c5   Thumb Code   230  cos_i.o(i.__kernel_cos)
    __kernel_poly                            0x080029c1   Thumb Code   170  poly.o(i.__kernel_poly)
    __kernel_sin                             0x08002a6d   Thumb Code   224  sin_i.o(i.__kernel_sin)
    __mathlib_dbl_infnan                     0x08002b59   Thumb Code     6  dunder.o(i.__mathlib_dbl_infnan)
    __mathlib_dbl_infnan2                    0x08002b5f   Thumb Code     4  dunder.o(i.__mathlib_dbl_infnan2)
    __mathlib_dbl_invalid                    0x08002b63   Thumb Code    12  dunder.o(i.__mathlib_dbl_invalid)
    __mathlib_dbl_underflow                  0x08002b71   Thumb Code    10  dunder.o(i.__mathlib_dbl_underflow)
    __scatterload_copy                       0x08002b81   Thumb Code    14  handlers.o(i.__scatterload_copy)
    __scatterload_null                       0x08002b8f   Thumb Code     2  handlers.o(i.__scatterload_null)
    __scatterload_zeroinit                   0x08002b91   Thumb Code    14  handlers.o(i.__scatterload_zeroinit)
    __set_errno                              0x08002ba1   Thumb Code     6  errno.o(i.__set_errno)
    atan                                     0x08002bad   Thumb Code   474  atan.o(i.atan)
    atan2                                    0x08002dcd   Thumb Code   346  atan2.o(i.atan2)
    basicLine                                0x08002f4d   Thumb Code   216  motion_control.o(i.basicLine)
    closeLoopLine                            0x08003031   Thumb Code   376  motion_control.o(i.closeLoopLine)
    cos                                      0x080031dd   Thumb Code   148  cos.o(i.cos)
    distanceCal                              0x08003279   Thumb Code   180  motion_control.o(i.distanceCal)
    main                                     0x08003341   Thumb Code    28  main.o(i.main)
    point_to_point                           0x0800335d   Thumb Code   574  motion_control.o(i.point_to_point)
    setOrigin                                0x080035cd   Thumb Code    28  motion_control.o(i.setOrigin)
    sin                                      0x08003601   Thumb Code   150  sin.o(i.sin)
    sqrt                                     0x080036a1   Thumb Code    76  sqrt.o(i.sqrt)
    __mathlib_zero                           0x080037b8   Data           8  qnan.o(.constdata)
    Region$$Table$$Base                      0x080038b0   Number         0  anon$$obj.o(Region$$Table)
    Region$$Table$$Limit                     0x080038d0   Number         0  anon$$obj.o(Region$$Table)
    speed_set                                0x20000000   Data           4  main.o(.data)
    direction_set                            0x20000004   Data           4  main.o(.data)
    a                                        0x20000008   Data           4  main.o(.data)
    b                                        0x2000000c   Data           4  main.o(.data)
    c                                        0x20000010   Data           4  main.o(.data)
    count                                    0x20000014   Data           4  stm32f10x_it.o(.data)
    count1                                   0x20000018   Data           4  stm32f10x_it.o(.data)
    receive_flag                             0x2000001c   Data           1  stm32f10x_it.o(.data)
    it_count                                 0x20000020   Data           4  stm32f10x_it.o(.data)
    motion_mode                              0x2000005e   Data           1  motor.o(.data)
    Encode                                   0x20000060   Data           6  robocon_tim.o(.data)
    motion                                   0x20000080   Data          24  stm32f10x_it.o(.bss)
    speed_get                                0x200000b0   Data          16  motor.o(.bss)
    Motor_Cur                                0x200000c0   Data          12  robocon_adc.o(.bss)
    __initial_sp                             0x200004d0   Data           0  startup_stm32f10x_hd.o(STACK)



==============================================================================

Memory Map of the image

  Image Entry point : 0x08000131

  Load Region LR_IROM1 (Base: 0x08000000, Size: 0x00003950, Max: 0x00080000, ABSOLUTE)

    Execution Region ER_IROM1 (Base: 0x08000000, Size: 0x000038d0, Max: 0x00080000, ABSOLUTE)

    Base Addr    Size         Type   Attr      Idx    E Section Name        Object

    0x08000000   0x00000130   Data   RO          488    RESET               startup_stm32f10x_hd.o
    0x08000130   0x00000000   Code   RO         3534  * .ARM.Collect$$$$00000000  mc_w.l(entry.o)
    0x08000130   0x00000004   Code   RO         3598    .ARM.Collect$$$$00000001  mc_w.l(entry2.o)
    0x08000134   0x00000004   Code   RO         3601    .ARM.Collect$$$$00000004  mc_w.l(entry5.o)
    0x08000138   0x00000000   Code   RO         3603    .ARM.Collect$$$$00000008  mc_w.l(entry7b.o)
    0x08000138   0x00000000   Code   RO         3605    .ARM.Collect$$$$0000000A  mc_w.l(entry8b.o)
    0x08000138   0x00000008   Code   RO         3606    .ARM.Collect$$$$0000000B  mc_w.l(entry9a.o)
    0x08000140   0x00000000   Code   RO         3608    .ARM.Collect$$$$0000000D  mc_w.l(entry10a.o)
    0x08000140   0x00000000   Code   RO         3610    .ARM.Collect$$$$0000000F  mc_w.l(entry11a.o)
    0x08000140   0x00000004   Code   RO         3599    .ARM.Collect$$$$00002712  mc_w.l(entry2.o)
    0x08000144   0x0000001c   Code   RO          489    .text               startup_stm32f10x_hd.o
    0x08000160   0x000000b0   Code   RO         3537    .text               mf_w.l(fadd.o)
    0x08000210   0x00000064   Code   RO         3539    .text               mf_w.l(fmul.o)
    0x08000274   0x0000007c   Code   RO         3541    .text               mf_w.l(fdiv.o)
    0x080002f0   0x000000e4   Code   RO         3543    .text               mf_w.l(dmul.o)
    0x080003d4   0x000000de   Code   RO         3545    .text               mf_w.l(ddiv.o)
    0x080004b2   0x00000028   Code   RO         3547    .text               mf_w.l(ffixui.o)
    0x080004da   0x00000026   Code   RO         3549    .text               mf_w.l(f2d.o)
    0x08000500   0x00000030   Code   RO         3551    .text               mf_w.l(cdcmple.o)
    0x08000530   0x00000038   Code   RO         3553    .text               mf_w.l(d2f.o)
    0x08000568   0x00000014   Code   RO         3555    .text               mf_w.l(cfcmple.o)
    0x0800057c   0x00000014   Code   RO         3557    .text               mf_w.l(cfrcmple.o)
    0x08000590   0x00000000   Code   RO         3619    .text               mc_w.l(iusefp.o)
    0x08000590   0x0000006e   Code   RO         3620    .text               mf_w.l(fepilogue.o)
    0x080005fe   0x000000ba   Code   RO         3622    .text               mf_w.l(depilogue.o)
    0x080006b8   0x0000014e   Code   RO         3624    .text               mf_w.l(dadd.o)
    0x08000806   0x000000a2   Code   RO         3626    .text               mf_w.l(dsqrt.o)
    0x080008a8   0x00000024   Code   RO         3632    .text               mc_w.l(init.o)
    0x080008cc   0x0000001e   Code   RO         3634    .text               mc_w.l(llshl.o)
    0x080008ea   0x00000020   Code   RO         3636    .text               mc_w.l(llushr.o)
    0x0800090a   0x00000024   Code   RO         3638    .text               mc_w.l(llsshr.o)
    0x0800092e   0x0000002e   Code   RO         3640    .text               mf_w.l(dscalb.o)
    0x0800095c   0x00000022   Code   RO         3642    .text               mf_w.l(dflti.o)
    0x0800097e   0x0000001a   Code   RO         3644    .text               mf_w.l(dfltui.o)
    0x08000998   0x0000003e   Code   RO         3646    .text               mf_w.l(dfixi.o)
    0x080009d6   0x00000002   PAD
    0x080009d8   0x0000013c   Code   RO          365    i.ADC_Channel_Init  robocon_adc.o
    0x08000b14   0x0000000c   Code   RO          366    i.Current_ADGet_Init  robocon_adc.o
    0x08000b20   0x00000064   Code   RO          457    i.DAC1_Init         dac.o
    0x08000b84   0x00000028   Code   RO          825    i.DAC_Cmd           stm32f10x_dac.o
    0x08000bac   0x00000034   Code   RO          830    i.DAC_Init          stm32f10x_dac.o
    0x08000be0   0x00000020   Code   RO          831    i.DAC_SetChannel1Data  stm32f10x_dac.o
    0x08000c00   0x0000007c   Code   RO          367    i.DMA_Channel_Init  robocon_adc.o
    0x08000c7c   0x00000024   Code   RO          107    i.EXTI0_IRQHandler  stm32f10x_it.o
    0x08000ca0   0x00000020   Code   RO          108    i.EXTI1_IRQHandler  stm32f10x_it.o
    0x08000cc0   0x00000012   Code   RO          109    i.EXTI2_IRQHandler  stm32f10x_it.o
    0x08000cd2   0x00000012   Code   RO          110    i.EXTI3_IRQHandler  stm32f10x_it.o
    0x08000ce4   0x0000000c   Code   RO         1006    i.EXTI_ClearITPendingBit  stm32f10x_exti.o
    0x08000cf0   0x00000028   Code   RO         1010    i.EXTI_GetITStatus  stm32f10x_exti.o
    0x08000d18   0x0000001c   Code   RO         1076    i.FLASH_PrefetchBufferCmd  stm32f10x_flash.o
    0x08000d34   0x00000018   Code   RO         1081    i.FLASH_SetLatency  stm32f10x_flash.o
    0x08000d4c   0x00000116   Code   RO         1362    i.GPIO_Init         stm32f10x_gpio.o
    0x08000e62   0x00000002   PAD
    0x08000e64   0x00000090   Code   RO         1364    i.GPIO_PinRemapConfig  stm32f10x_gpio.o
    0x08000ef4   0x00000004   Code   RO         1370    i.GPIO_SetBits      stm32f10x_gpio.o
    0x08000ef8   0x00000054   Code   RO          323    i.Interrupt_TIM5_Init  robocon_tim.o
    0x08000f4c   0x00000124   Code   RO          393    i.KEY_EXTI_Init     robocon_debug.o
    0x08001070   0x00000094   Code   RO          239    i.Motor_Cal         motor.o
    0x08001104   0x0000010c   Code   RO          240    i.Motor_Run         motor.o
    0x08001210   0x00000070   Code   RO          493    i.NVIC_Init         misc.o
    0x08001280   0x00000014   Code   RO          494    i.NVIC_PriorityGroupConfig  misc.o
    0x08001294   0x00000140   Code   RO          324    i.PWMout_TIM2_TIM3_Init  robocon_tim.o
    0x080013d4   0x0000014c   Code   RO          325    i.Quadrature_decode_TIM1_Init  robocon_tim.o
    0x08001520   0x00000134   Code   RO          326    i.Quadrature_decode_TIM4_Init  robocon_tim.o
    0x08001654   0x00000134   Code   RO          327    i.Quadrature_decode_TIM8_Init  robocon_tim.o
    0x08001788   0x00000020   Code   RO         1787    i.RCC_APB1PeriphClockCmd  stm32f10x_rcc.o
    0x080017a8   0x00000020   Code   RO         1789    i.RCC_APB2PeriphClockCmd  stm32f10x_rcc.o
    0x080017c8   0x0000004c   Code   RO         1796    i.RCC_DeInit        stm32f10x_rcc.o
    0x08001814   0x000000d4   Code   RO         1797    i.RCC_GetClocksFreq  stm32f10x_rcc.o
    0x080018e8   0x0000003c   Code   RO         1798    i.RCC_GetFlagStatus  stm32f10x_rcc.o
    0x08001924   0x00000010   Code   RO         1800    i.RCC_GetSYSCLKSource  stm32f10x_rcc.o
    0x08001934   0x00000018   Code   RO         1801    i.RCC_HCLKConfig    stm32f10x_rcc.o
    0x0800194c   0x0000000c   Code   RO         1803    i.RCC_HSICmd        stm32f10x_rcc.o
    0x08001958   0x00000066   Code   RO          445    i.RCC_Init          rcc_conf.o
    0x080019be   0x00000002   PAD
    0x080019c0   0x00000018   Code   RO         1808    i.RCC_PCLK1Config   stm32f10x_rcc.o
    0x080019d8   0x00000018   Code   RO         1809    i.RCC_PCLK2Config   stm32f10x_rcc.o
    0x080019f0   0x0000000c   Code   RO         1810    i.RCC_PLLCmd        stm32f10x_rcc.o
    0x080019fc   0x0000001c   Code   RO         1811    i.RCC_PLLConfig     stm32f10x_rcc.o
    0x08001a18   0x00000018   Code   RO         1814    i.RCC_SYSCLKConfig  stm32f10x_rcc.o
    0x08001a30   0x000000d4   Code   RO          264    i.Robocon_NVIC_Init  robocon_board.o
    0x08001b04   0x0000003c   Code   RO          265    i.Robocon_PhoTriRacing_Board_Init  robocon_board.o
    0x08001b40   0x000000dc   Code   RO          111    i.TIM5_IRQHandler   stm32f10x_it.o
    0x08001c1c   0x00000018   Code   RO         2418    i.TIM_ARRPreloadConfig  stm32f10x_tim.o
    0x08001c34   0x00000006   Code   RO         2424    i.TIM_ClearFlag     stm32f10x_tim.o
    0x08001c3a   0x00000006   Code   RO         2425    i.TIM_ClearITPendingBit  stm32f10x_tim.o
    0x08001c40   0x00000018   Code   RO         2430    i.TIM_Cmd           stm32f10x_tim.o
    0x08001c58   0x00000022   Code   RO         2451    i.TIM_GetITStatus   stm32f10x_tim.o
    0x08001c7a   0x00000012   Code   RO         2455    i.TIM_ITConfig      stm32f10x_tim.o
    0x08001c8c   0x00000098   Code   RO         2459    i.TIM_OC1Init       stm32f10x_tim.o
    0x08001d24   0x00000012   Code   RO         2462    i.TIM_OC1PreloadConfig  stm32f10x_tim.o
    0x08001d36   0x00000002   PAD
    0x08001d38   0x000000a4   Code   RO         2464    i.TIM_OC2Init       stm32f10x_tim.o
    0x08001ddc   0x0000001a   Code   RO         2467    i.TIM_OC2PreloadConfig  stm32f10x_tim.o
    0x08001df6   0x00000002   PAD
    0x08001df8   0x000000a0   Code   RO         2469    i.TIM_OC3Init       stm32f10x_tim.o
    0x08001e98   0x00000012   Code   RO         2472    i.TIM_OC3PreloadConfig  stm32f10x_tim.o
    0x08001eaa   0x00000002   PAD
    0x08001eac   0x0000007c   Code   RO         2474    i.TIM_OC4Init       stm32f10x_tim.o
    0x08001f28   0x0000001a   Code   RO         2476    i.TIM_OC4PreloadConfig  stm32f10x_tim.o
    0x08001f42   0x00000002   PAD
    0x08001f44   0x000000a4   Code   RO         2501    i.TIM_TimeBaseInit  stm32f10x_tim.o
    0x08001fe8   0x0000015c   Code   RO          112    i.UART4_IRQHandler  stm32f10x_it.o
    0x08002144   0x0000008c   Code   RO          408    i.UART4_Init        usart.o
    0x080021d0   0x000000dc   Code   RO          113    i.USART1_IRQHandler  stm32f10x_it.o
    0x080022ac   0x00000084   Code   RO          409    i.USART1_Init       usart.o
    0x08002330   0x00000012   Code   RO         2962    i.USART_ClearFlag   stm32f10x_usart.o
    0x08002342   0x0000001e   Code   RO         2963    i.USART_ClearITPendingBit  stm32f10x_usart.o
    0x08002360   0x00000018   Code   RO         2966    i.USART_Cmd         stm32f10x_usart.o
    0x08002378   0x0000001a   Code   RO         2969    i.USART_GetFlagStatus  stm32f10x_usart.o
    0x08002392   0x00000054   Code   RO         2970    i.USART_GetITStatus  stm32f10x_usart.o
    0x080023e6   0x0000004a   Code   RO         2972    i.USART_ITConfig    stm32f10x_usart.o
    0x08002430   0x000000d8   Code   RO         2973    i.USART_Init        stm32f10x_usart.o
    0x08002508   0x0000000a   Code   RO         2980    i.USART_ReceiveData  stm32f10x_usart.o
    0x08002512   0x00000028   Code   RO         3628    i.__ARM_fpclassify  m_ws.l(fpclassify.o)
    0x0800253a   0x00000002   PAD
    0x0800253c   0x00000388   Code   RO         3587    i.__ieee754_rem_pio2  m_ws.l(rred.o)
    0x080028c4   0x000000fc   Code   RO         3569    i.__kernel_cos      m_ws.l(cos_i.o)
    0x080029c0   0x000000aa   Code   RO         3630    i.__kernel_poly     m_ws.l(poly.o)
    0x08002a6a   0x00000002   PAD
    0x08002a6c   0x000000ec   Code   RO         3592    i.__kernel_sin      m_ws.l(sin_i.o)
    0x08002b58   0x00000006   Code   RO         3573    i.__mathlib_dbl_infnan  m_ws.l(dunder.o)
    0x08002b5e   0x00000004   Code   RO         3574    i.__mathlib_dbl_infnan2  m_ws.l(dunder.o)
    0x08002b62   0x0000000c   Code   RO         3575    i.__mathlib_dbl_invalid  m_ws.l(dunder.o)
    0x08002b6e   0x00000002   PAD
    0x08002b70   0x00000010   Code   RO         3578    i.__mathlib_dbl_underflow  m_ws.l(dunder.o)
    0x08002b80   0x0000000e   Code   RO         3650    i.__scatterload_copy  mc_w.l(handlers.o)
    0x08002b8e   0x00000002   Code   RO         3651    i.__scatterload_null  mc_w.l(handlers.o)
    0x08002b90   0x0000000e   Code   RO         3652    i.__scatterload_zeroinit  mc_w.l(handlers.o)
    0x08002b9e   0x00000002   PAD
    0x08002ba0   0x0000000c   Code   RO         3614    i.__set_errno       mc_w.l(errno.o)
    0x08002bac   0x00000220   Code   RO         3560    i.atan              m_ws.l(atan.o)
    0x08002dcc   0x00000180   Code   RO         3503    i.atan2             m_ws.l(atan2.o)
    0x08002f4c   0x000000e4   Code   RO          197    i.basicLine         motion_control.o
    0x08003030   0x000001ac   Code   RO          198    i.closeLoopLine     motion_control.o
    0x080031dc   0x0000009c   Code   RO         3511    i.cos               m_ws.l(cos.o)
    0x08003278   0x000000c8   Code   RO          199    i.distanceCal       motion_control.o
    0x08003340   0x0000001c   Code   RO            1    i.main              main.o
    0x0800335c   0x00000270   Code   RO          200    i.point_to_point    motion_control.o
    0x080035cc   0x00000034   Code   RO          201    i.setOrigin         motion_control.o
    0x08003600   0x000000a0   Code   RO         3519    i.sin               m_ws.l(sin.o)
    0x080036a0   0x0000004c   Code   RO         3527    i.sqrt              m_ws.l(sqrt.o)
    0x080036ec   0x00000004   PAD
    0x080036f0   0x00000098   Data   RO         3561    .constdata          m_ws.l(atan.o)
    0x08003788   0x00000030   Data   RO         3570    .constdata          m_ws.l(cos_i.o)
    0x080037b8   0x00000008   Data   RO         3586    .constdata          m_ws.l(qnan.o)
    0x080037c0   0x000000c8   Data   RO         3589    .constdata          m_ws.l(rred.o)
    0x08003888   0x00000028   Data   RO         3593    .constdata          m_ws.l(sin_i.o)
    0x080038b0   0x00000020   Data   RO         3648    Region$$Table       anon$$obj.o


    Execution Region RW_IRAM1 (Base: 0x20000000, Size: 0x000004d0, Max: 0x00010000, ABSOLUTE)

    Base Addr    Size         Type   Attr      Idx    E Section Name        Object

    0x20000000   0x00000014   Data   RW            2    .data               main.o
    0x20000014   0x0000001d   Data   RW          115    .data               stm32f10x_it.o
    0x20000031   0x00000003   PAD
    0x20000034   0x0000002a   Data   RW          202    .data               motion_control.o
    0x2000005e   0x00000001   Data   RW          242    .data               motor.o
    0x2000005f   0x00000001   PAD
    0x20000060   0x00000006   Data   RW          328    .data               robocon_tim.o
    0x20000066   0x00000014   Data   RW         1817    .data               stm32f10x_rcc.o
    0x2000007a   0x00000002   PAD
    0x2000007c   0x00000004   Data   RW         3615    .data               mc_w.l(errno.o)
    0x20000080   0x00000030   Zero   RW          114    .bss                stm32f10x_it.o
    0x200000b0   0x00000010   Zero   RW          241    .bss                motor.o
    0x200000c0   0x0000000c   Zero   RW          368    .bss                robocon_adc.o
    0x200000cc   0x00000004   PAD
    0x200000d0   0x00000400   Zero   RW          486    STACK               startup_stm32f10x_hd.o


==============================================================================

Image component sizes


      Code (inc. data)   RO Data    RW Data    ZI Data      Debug   Object Name

         0          0          0          0          0         32   core_cm3.o
       100          6          0          0          0        544   dac.o
        28          0          0         20          0     256787   main.o
       132         22          0          0          0       1467   misc.o
      1532        158          0         42          0       5507   motion_control.o
       416         44          0          1         16       1272   motor.o
       102          0          0          0          0        479   rcc_conf.o
       452         36          0          0         12       1865   robocon_adc.o
       272          0          0          0          0     205898   robocon_board.o
       292         16          0          0          0        508   robocon_debug.o
      1352         62          0          6          0       3689   robocon_tim.o
        28          4        304          0       1024        776   startup_stm32f10x_hd.o
       124         18          0          0          0       2315   stm32f10x_dac.o
        52         12          0          0          0       1092   stm32f10x_exti.o
        52         12          0          0          0       1057   stm32f10x_flash.o
       426          6          0          0          0       3245   stm32f10x_gpio.o
       892        120          0         29         48       5095   stm32f10x_it.o
       576         92          0         20          0       9563   stm32f10x_rcc.o
       964         92          0          0          0       9529   stm32f10x_tim.o
       482          6          0          0          0       6632   stm32f10x_usart.o
       272         18          0          0          0       1243   usart.o

    ----------------------------------------------------------------------
      8558        724        336        124       1104     518595   Object Totals
         0          0         32          0          0          0   (incl. Generated)
        12          0          0          6          4          0   (incl. Padding)

    ----------------------------------------------------------------------

      Code (inc. data)   RO Data    RW Data    ZI Data      Debug   Library Member Name

       544         70        152          0          0        124   atan.o
       384         38          0          0          0        144   atan2.o
       156          8          0          0          0        104   cos.o
       252         22         48          0          0        124   cos_i.o
        38          6          0          0          0        272   dunder.o
        40          0          0          0          0         68   fpclassify.o
       170          0          0          0          0         96   poly.o
         0          0          8          0          0          0   qnan.o
       904         76        200          0          0        140   rred.o
       160         10          0          0          0        108   sin.o
       236         12         40          0          0        128   sin_i.o
        76          0          0          0          0         84   sqrt.o
         0          0          0          0          0          0   entry.o
         0          0          0          0          0          0   entry10a.o
         0          0          0          0          0          0   entry11a.o
         8          4          0          0          0          0   entry2.o
         4          0          0          0          0          0   entry5.o
         0          0          0          0          0          0   entry7b.o
         0          0          0          0          0          0   entry8b.o
         8          4          0          0          0          0   entry9a.o
        12          6          0          4          0         68   errno.o
        30          0          0          0          0          0   handlers.o
        36          8          0          0          0         68   init.o
         0          0          0          0          0          0   iusefp.o
        30          0          0          0          0         68   llshl.o
        36          0          0          0          0         68   llsshr.o
        32          0          0          0          0         68   llushr.o
        48          0          0          0          0         68   cdcmple.o
        20          0          0          0          0         68   cfcmple.o
        20          0          0          0          0         68   cfrcmple.o
        56          0          0          0          0         88   d2f.o
       334          0          0          0          0        148   dadd.o
       222          0          0          0          0        100   ddiv.o
       186          0          0          0          0        176   depilogue.o
        62          0          0          0          0         80   dfixi.o
        34          0          0          0          0         76   dflti.o
        26          0          0          0          0         76   dfltui.o
       228          0          0          0          0         96   dmul.o
        46          0          0          0          0         80   dscalb.o
       162          0          0          0          0        100   dsqrt.o
        38          0          0          0          0         68   f2d.o
       176          0          0          0          0        140   fadd.o
       124          0          0          0          0         88   fdiv.o
       110          0          0          0          0        168   fepilogue.o
        40          0          0          0          0         68   ffixui.o
       100          0          0          0          0         76   fmul.o

    ----------------------------------------------------------------------
      5202        264        448          4          0       3564   Library Totals
        14          0          0          0          0          0   (incl. Padding)

    ----------------------------------------------------------------------

      Code (inc. data)   RO Data    RW Data    ZI Data      Debug   Library Name

      2960        242        448          0          0       1392   m_ws.l
       196         22          0          4          0        340   mc_w.l
      2032          0          0          0          0       1832   mf_w.l

    ----------------------------------------------------------------------
      5202        264        448          4          0       3564   Library Totals

    ----------------------------------------------------------------------

==============================================================================


      Code (inc. data)   RO Data    RW Data    ZI Data      Debug   

     13760        988        784        128       1104     516591   Grand Totals
     13760        988        784        128       1104     516591   ELF Image Totals
     13760        988        784        128          0          0   ROM Totals

==============================================================================

    Total RO  Size (Code + RO Data)                14544 (  14.20kB)
    Total RW  Size (RW Data + ZI Data)              1232 (   1.20kB)
    Total ROM Size (Code + RO Data + RW Data)      14672 (  14.33kB)

==============================================================================

